Archive member included to satisfy reference by file (symbol)

/opt/devkitpro/libctru/lib/libctru.a(console.o)
                              main.o (consoleInit)
/opt/devkitpro/libctru/lib/libctru.a(gfx.o)
                              /opt/devkitpro/libctru/lib/libctru.a(console.o) (gfxIsWide)
/opt/devkitpro/libctru/lib/libctru.a(gspgpu.o)
                              /opt/devkitpro/libctru/lib/libctru.a(gfx.o) (gspInit)
/opt/devkitpro/libctru/lib/libctru.a(hid.o)
                              main.o (hidScanInput)
/opt/devkitpro/libctru/lib/libctru.a(apt.o)
                              main.o (aptMainLoop)
/opt/devkitpro/libctru/lib/libctru.a(ctru_init.o)
                              /opt/devkitpro/libctru/lib/libctru.a(apt.o) (__system_retAddr)
/opt/devkitpro/libctru/lib/libctru.a(initArgv.o)
                              /opt/devkitpro/libctru/lib/libctru.a(ctru_init.o) (__system_initArgv)
/opt/devkitpro/libctru/lib/libctru.a(svc.o)
                              /opt/devkitpro/libctru/lib/libctru.a(apt.o) (svcSleepThread)
/opt/devkitpro/libctru/lib/libctru.a(stack_adjust.o)
                              /opt/devkitpro/devkitARM/bin/../lib/gcc/arm-none-eabi/13.2.0/../../../../arm-none-eabi/lib/armv6k/fpu/3dsx_crt0.o (initSystem)
/opt/devkitpro/libctru/lib/libctru.a(default_font.bin.o)
                              /opt/devkitpro/libctru/lib/libctru.a(console.o) (default_font_bin)
/opt/devkitpro/libctru/lib/libctru.a(vram.o)
                              /opt/devkitpro/libctru/lib/libctru.a(gfx.o) (vramAlloc)
/opt/devkitpro/libctru/lib/libctru.a(linear.o)
                              /opt/devkitpro/libctru/lib/libctru.a(gfx.o) (linearAlloc)
/opt/devkitpro/libctru/lib/libctru.a(mem_pool.o)
                              /opt/devkitpro/libctru/lib/libctru.a(vram.o) (MemPool::Allocate(MemChunk&, unsigned long, int))
/opt/devkitpro/libctru/lib/libctru.a(synchronization.o)
                              /opt/devkitpro/libctru/lib/libctru.a(ctru_init.o) (__sync_init)
/opt/devkitpro/libctru/lib/libctru.a(os.o)
                              /opt/devkitpro/libctru/lib/libctru.a(apt.o) (__ctru_speedup_config)
/opt/devkitpro/libctru/lib/libctru.a(3dslink.o)
                              /opt/devkitpro/libctru/lib/libctru.a(initArgv.o) (__3dslink_host)
/opt/devkitpro/libctru/lib/libctru.a(srv.o)
                              /opt/devkitpro/libctru/lib/libctru.a(apt.o) (srvInit)
/opt/devkitpro/libctru/lib/libctru.a(thread.o)
                              /opt/devkitpro/libctru/lib/libctru.a(gspgpu.o) (threadCreate)
/opt/devkitpro/libctru/lib/libctru.a(mappable.o)
                              /opt/devkitpro/libctru/lib/libctru.a(gspgpu.o) (mappableAlloc)
/opt/devkitpro/libctru/lib/libctru.a(irrst.o)
                              /opt/devkitpro/libctru/lib/libctru.a(hid.o) (irrstInit)
/opt/devkitpro/libctru/lib/libctru.a(srvpm.o)
                              /opt/devkitpro/libctru/lib/libctru.a(srv.o) (srvPmGetSessionHandle)
/opt/devkitpro/libctru/lib/libctru.a(ptmsysm.o)
                              /opt/devkitpro/libctru/lib/libctru.a(os.o) (ptmSysmInit)
/opt/devkitpro/libctru/lib/libctru.a(soc_connect.o)
                              /opt/devkitpro/libctru/lib/libctru.a(3dslink.o) (connect)
/opt/devkitpro/libctru/lib/libctru.a(soc_socket.o)
                              /opt/devkitpro/libctru/lib/libctru.a(3dslink.o) (socket)
/opt/devkitpro/libctru/lib/libctru.a(soc_common.o)
                              /opt/devkitpro/libctru/lib/libctru.a(soc_connect.o) (_net_convert_error)
/opt/devkitpro/libctru/lib/libctru.a(rbtree_init.o)
                              /opt/devkitpro/libctru/lib/libctru.a(vram.o) (rbtree_init)
/opt/devkitpro/libctru/lib/libctru.a(rbtree_insert.o)
                              /opt/devkitpro/libctru/lib/libctru.a(vram.o) (rbtree_insert)
/opt/devkitpro/libctru/lib/libctru.a(rbtree_rotate.o)
                              /opt/devkitpro/libctru/lib/libctru.a(rbtree_insert.o) (rbtree_rotate)
/opt/devkitpro/libctru/lib/libctru.a(rbtree_remove.o)
                              /opt/devkitpro/libctru/lib/libctru.a(vram.o) (rbtree_remove)
/opt/devkitpro/libctru/lib/libctru.a(rbtree_find.o)
                              /opt/devkitpro/libctru/lib/libctru.a(vram.o) (rbtree_find)
/opt/devkitpro/libctru/lib/libctru.a(appInit.o)
                              /opt/devkitpro/libctru/lib/libctru.a(stack_adjust.o) (__appInit)
/opt/devkitpro/libctru/lib/libctru.a(syscalls.o)
                              /opt/devkitpro/libctru/lib/libctru.a(thread.o) (initThreadVars)
/opt/devkitpro/libctru/lib/libctru.a(allocateHeaps.o)
                              /opt/devkitpro/libctru/lib/libctru.a(ctru_init.o) (__system_allocateHeaps)
/opt/devkitpro/libctru/lib/libctru.a(appExit.o)
                              /opt/devkitpro/libctru/lib/libctru.a(stack_adjust.o) (__appExit)
/opt/devkitpro/libctru/lib/libctru.a(ctru_exit.o)
[...]
Memory Configuration

Name             Origin             Length             Attributes
*default*        0x00000000         0xffffffff

Linker script and memory map

                0x00100000                        PROVIDE (__start__ = 0x100000)
                0x00100000                        . = __start__

.text           0x00100000    0x20c50
 *(.crt0)
 .crt0          0x00100000       0x94 /opt/devkitpro/devkitARM/bin/../lib/gcc/arm-none-eabi/13.2.0/../../../../arm-none-eabi/lib/armv6k/fpu/3dsx_crt0.o
                0x00100000                _start
                0x00100008                __service_ptr
                0x0010000c                __apt_appid
                0x00100010                __heap_size
                0x00100014                __linear_heap_size
                0x00100018                __system_arglist
                0x0010001c                __system_runflags
 *(.init)
 .init          0x00100094        0xc /opt/devkitpro/devkitARM/bin/../lib/gcc/arm-none-eabi/13.2.0/armv6k/fpu/crti.o
                0x00100094                _init
 .init          0x001000a0        0xc /opt/devkitpro/devkitARM/bin/../lib/gcc/arm-none-eabi/13.2.0/armv6k/fpu/crtn.o
                0x001000ac                        . = ALIGN (0x4)
 *(.text)
 .text          0x001000ac      0x240 /opt/devkitpro/devkitARM/bin/../lib/gcc/arm-none-eabi/13.2.0/armv6k/fpu/libgcc.a(_divsi3.o)
                0x001000ac                __aeabi_idiv
                0x001000ac                __divsi3
                0x001002cc                __aeabi_idivmod
 .text          0x001002ec        0x4 /opt/devkitpro/devkitARM/bin/../lib/gcc/arm-none-eabi/13.2.0/armv6k/fpu/libgcc.a(_dvmd_tls.o)
                0x001002ec                __aeabi_ldiv0
                0x001002ec                __aeabi_idiv0
 .text          0x001002f0       0x3c /opt/devkitpro/devkitARM/bin/../lib/gcc/arm-none-eabi/13.2.0/armv6k/fpu/libgcc.a(_aeabi_uldivmod.o)
                0x001002f0                __aeabi_uldivmod
 *fill*         0x0010032c       0x14 
 .text          0x00100340      0x390 /opt/devkitpro/devkitARM/bin/../lib/gcc/arm-none-eabi/13.2.0/../../../../arm-none-eabi/lib/armv6k/fpu/libg.a(libc_a-strcmp.o)
                0x00100348                strcmp
 .text          0x001006d0      0x20c /opt/devkitpro/devkitARM/bin/../lib/gcc/arm-none-eabi/13.2.0/armv6k/fpu/libgcc.a(_udivsi3.o)
                0x001006d0                __udivsi3
                0x001006d0                __aeabi_uidiv
                0x001008bc                __aeabi_uidivmod
 .text          0x001008dc      0x3c0 /opt/devkitpro/devkitARM/bin/../lib/gcc/arm-none-eabi/13.2.0/armv6k/fpu/libgcc.a(_arm_addsubdf3.o)
                0x001008dc                __aeabi_drsub
                0x001008e4                __aeabi_dsub
                0x001008e4                __subdf3
                0x001008e8                __adddf3
                0x001008e8                __aeabi_dadd
                0x00100b94                __aeabi_ui2d
                0x00100b94                __floatunsidf
                0x00100bb8                __floatsidf
                0x00100bb8                __aeabi_i2d
                0x00100be0                __extendsfdf2
                0x00100be0                __aeabi_f2d
                0x00100c28                __aeabi_ul2d
                0x00100c28                __floatundidf
                0x00100c3c                __floatdidf
                0x00100c3c                __aeabi_l2d
 *(.text.*)
 .text.__do_global_dtors_aux
                0x00100c9c       0x40 /opt/devkitpro/devkitARM/bin/../lib/gcc/arm-none-eabi/13.2.0/armv6k/fpu/crtbegin.o
 .text.frame_dummy
                0x00100cdc       0x2c /opt/devkitpro/devkitARM/bin/../lib/gcc/arm-none-eabi/13.2.0/armv6k/fpu/crtbegin.o
 .text.startup.main
                0x00100d08       0x6c main.o
                0x00100d08                main
 .text.parseColor
                0x00100d74      0x1f4 /opt/devkitpro/libctru/lib/libctru.a(console.o)
 .text.consoleDrawChar
                0x00100f68      0x1ac /opt/devkitpro/libctru/lib/libctru.a(console.o)
                0x00100f68                consoleDrawChar
 .text.consolePrintChar
                0x00101114      0x124 /opt/devkitpro/libctru/lib/libctru.a(console.o)
                0x00101114                consolePrintChar
 .text.con_write
                0x00101238      0xbe4 /opt/devkitpro/libctru/lib/libctru.a(console.o)
                0x00101238                con_write
 .text.newRow   0x00101e1c       0xfc /opt/devkitpro/libctru/lib/libctru.a(console.o)
 .text.consoleInit
                0x00101f18      0x168 /opt/devkitpro/libctru/lib/libctru.a(console.o)
                0x00101f18                consoleInit
 .text.gfxPresentFramebuffer
                0x00102080       0xd0 /opt/devkitpro/libctru/lib/libctru.a(gfx.o)
 .text.gfxIsWide
                0x00102150       0x1c /opt/devkitpro/libctru/lib/libctru.a(gfx.o)
                0x00102150                gfxIsWide
 .text.gfxSetScreenFormat
                0x0010216c       0xec /opt/devkitpro/libctru/lib/libctru.a(gfx.o)
                0x0010216c                gfxSetScreenFormat
 .text.gfxSetDoubleBuffering
                0x00102258       0x10 /opt/devkitpro/libctru/lib/libctru.a(gfx.o)
                0x00102258                gfxSetDoubleBuffering
 .text.gfxInit  0x00102268       0xe0 /opt/devkitpro/libctru/lib/libctru.a(gfx.o)
                0x00102268                gfxInit
 .text.gfxInitDefault
                0x00102348       0x10 /opt/devkitpro/libctru/lib/libctru.a(gfx.o)
                0x00102348                gfxInitDefault
 .text.gfxExit  0x00102358       0xb4 /opt/devkitpro/libctru/lib/libctru.a(gfx.o)
                0x00102358                gfxExit
 .text.gfxGetFramebuffer
                0x0010240c       0xa0 /opt/devkitpro/libctru/lib/libctru.a(gfx.o)
                0x0010240c                gfxGetFramebuffer
 .text.gfxFlushBuffers
                0x001024ac      0x104 /opt/devkitpro/libctru/lib/libctru.a(gfx.o)
                0x001024ac                gfxFlushBuffers
 .text.gfxSwapBuffers
                0x001025b0       0x50 /opt/devkitpro/libctru/lib/libctru.a(gfx.o)
                0x001025b0                gfxSwapBuffers
 .text.gfxSwapBuffersGpu
                0x00102600       0x50 /opt/devkitpro/libctru/lib/libctru.a(gfx.o)
                0x00102600                gfxSwapBuffersGpu
 .text.gspHardwareInit
                0x00102650      0xc64 /opt/devkitpro/libctru/lib/libctru.a(gspgpu.o)
 .text.gspInit  0x001032b4      0x248 /opt/devkitpro/libctru/lib/libctru.a(gspgpu.o)
                0x001032b4                gspInit
 .text.gspExit  0x001034fc       0xf0 /opt/devkitpro/libctru/lib/libctru.a(gspgpu.o)
                0x001034fc                gspExit
 .text.gspHasGpuRight
                0x001035ec       0x10 /opt/devkitpro/libctru/lib/libctru.a(gspgpu.o)
                0x001035ec                gspHasGpuRight
 .text.gspPresentBuffer
                0x001035fc       0xa0 /opt/devkitpro/libctru/lib/libctru.a(gspgpu.o)
                0x001035fc                gspPresentBuffer
 .text.gspWaitForEvent
                0x0010369c       0x44 /opt/devkitpro/libctru/lib/libctru.a(gspgpu.o)
                0x0010369c                gspWaitForEvent
 .text.gxCmdQueueInterrupt
                0x001036e0        0x4 /opt/devkitpro/libctru/lib/libctru.a(gspgpu.o)
                0x001036e0                gxCmdQueueInterrupt
 .text.gspEventThreadMain
                0x001036e4      0x158 /opt/devkitpro/libctru/lib/libctru.a(gspgpu.o)
 .text.GSPGPU_FlushDataCache
                0x0010383c       0x50 /opt/devkitpro/libctru/lib/libctru.a(gspgpu.o)
                0x0010383c                GSPGPU_FlushDataCache
 .text.GSPGPU_SetLcdForceBlack
                0x0010388c       0x34 /opt/devkitpro/libctru/lib/libctru.a(gspgpu.o)
                0x0010388c                GSPGPU_SetLcdForceBlack
 .text.GSPGPU_AcquireRight
                0x001038c0       0x68 /opt/devkitpro/libctru/lib/libctru.a(gspgpu.o)
                0x001038c0                GSPGPU_AcquireRight
 .text.GSPGPU_ReleaseRight
                0x00103928       0x48 /opt/devkitpro/libctru/lib/libctru.a(gspgpu.o)
                0x00103928                GSPGPU_ReleaseRight
 .text.GSPGPU_ImportDisplayCaptureInfo
                0x00103970       0x7c /opt/devkitpro/libctru/lib/libctru.a(gspgpu.o)
                0x00103970                GSPGPU_ImportDisplayCaptureInfo
 .text.GSPGPU_SaveVramSysArea
                0x001039ec       0x2c /opt/devkitpro/libctru/lib/libctru.a(gspgpu.o)
                0x001039ec                GSPGPU_SaveVramSysArea
 .text.GSPGPU_RestoreVramSysArea
                0x00103a18       0x2c /opt/devkitpro/libctru/lib/libctru.a(gspgpu.o)
                0x00103a18                GSPGPU_RestoreVramSysArea
 .text.hidShouldUseIrrst
                0x00103a44       0x24 /opt/devkitpro/libctru/lib/libctru.a(hid.o)
                0x00103a44                hidShouldUseIrrst
 .text.hidInit  0x00103a68      0x18c /opt/devkitpro/libctru/lib/libctru.a(hid.o)
                0x00103a68                hidInit
 .text.hidExit  0x00103bf4       0xe8 /opt/devkitpro/libctru/lib/libctru.a(hid.o)
                0x00103bf4                hidExit
 .text.hidScanInput
                0x00103cdc      0x2a4 /opt/devkitpro/libctru/lib/libctru.a(hid.o)
                0x00103cdc                hidScanInput
 .text.hidKeysDown
                0x00103f80       0x10 /opt/devkitpro/libctru/lib/libctru.a(hid.o)
                0x00103f80                hidKeysDown
 .text.aptConvertScreenForCapture
                0x00103f90      0x1ac /opt/devkitpro/libctru/lib/libctru.a(apt.o)
 .text.aptDspSleep
                0x0010413c        0x8 /opt/devkitpro/libctru/lib/libctru.a(apt.o)
                0x0010413c                aptDspSleep
 .text.aptDspWakeup
                0x00104144        0x4 /opt/devkitpro/libctru/lib/libctru.a(apt.o)
                0x00104144                aptDspWakeup
 .text.aptDspCancel
                0x00104148        0x4 /opt/devkitpro/libctru/lib/libctru.a(apt.o)
                0x00104148                aptDspCancel
 .text.aptSendCommand
                0x0010414c      0x158 /opt/devkitpro/libctru/lib/libctru.a(apt.o)
                0x0010414c                aptSendCommand
 *fill*         0x001042a4        0x4 
 .text.aptExitProcess
                0x001042a8       0x44 /opt/devkitpro/libctru/lib/libctru.a(apt.o)
 .text.aptExit  0x001042ec      0x38c /opt/devkitpro/libctru/lib/libctru.a(apt.o)
                0x001042ec                aptExit
 .text.aptHandleSleep
                0x00104678       0xe0 /opt/devkitpro/libctru/lib/libctru.a(apt.o)
                0x00104678                aptHandleSleep
 .text.APT_SleepIfShellClosed
                0x00104758       0x84 /opt/devkitpro/libctru/lib/libctru.a(apt.o)
                0x00104758                APT_SleepIfShellClosed
 .text.aptSetSleepAllowed
                0x001047dc       0x84 /opt/devkitpro/libctru/lib/libctru.a(apt.o)
                0x001047dc                aptSetSleepAllowed
 .text.APT_UnlockTransition
                0x00104860       0x84 /opt/devkitpro/libctru/lib/libctru.a(apt.o)
                0x00104860                APT_UnlockTransition
 *fill*         0x001048e4        0x4 
 .text.aptEventHandler
                0x001048e8      0x4a4 /opt/devkitpro/libctru/lib/libctru.a(apt.o)
 .text.APT_ReceiveParameter
                0x00104d8c       0xb0 /opt/devkitpro/libctru/lib/libctru.a(apt.o)
                0x00104d8c                APT_ReceiveParameter
 .text.aptReceiveParameter.constprop.0
                0x00104e3c       0xac /opt/devkitpro/libctru/lib/libctru.a(apt.o)
 .text.aptScreenTransfer
                0x00104ee8      0x2ac /opt/devkitpro/libctru/lib/libctru.a(apt.o)
 .text.aptWaitForWakeUp.isra.0
                0x00105194      0x320 /opt/devkitpro/libctru/lib/libctru.a(apt.o)
 .text.aptJumpToHomeMenu
                0x001054b4       0xf8 /opt/devkitpro/libctru/lib/libctru.a(apt.o)
                0x001054b4                aptJumpToHomeMenu
 .text.aptMainLoop
                0x001055ac       0x48 /opt/devkitpro/libctru/lib/libctru.a(apt.o)
                0x001055ac                aptMainLoop
 .text.aptInit  0x001055f4      0x22c /opt/devkitpro/libctru/lib/libctru.a(apt.o)
                0x001055f4                aptInit
 .text.APT_CheckNew3DS
                0x00105820       0x7c /opt/devkitpro/libctru/lib/libctru.a(apt.o)
                0x00105820                APT_CheckNew3DS
 .text.__libctru_init
                0x0010589c       0x38 /opt/devkitpro/libctru/lib/libctru.a(ctru_init.o)
                0x0010589c                __libctru_init
 .text.__system_initArgv
                0x001058d4      0x170 /opt/devkitpro/libctru/lib/libctru.a(initArgv.o)
                0x001058d4                __system_initArgv
 .text.svcControlMemory
                0x00105a44       0x20 /opt/devkitpro/libctru/lib/libctru.a(svc.o)
                0x00105a44                svcControlMemory
 .text.svcQueryMemory
                0x00105a64       0x30 /opt/devkitpro/libctru/lib/libctru.a(svc.o)
                0x00105a64                svcQueryMemory
 .text.svcExitProcess
                0x00105a94        0x8 /opt/devkitpro/libctru/lib/libctru.a(svc.o)
                0x00105a94                svcExitProcess
 .text.svcCreateThread
                0x00105a9c       0x20 /opt/devkitpro/libctru/lib/libctru.a(svc.o)
                0x00105a9c                svcCreateThread
 .text.svcExitThread
                0x00105abc        0x8 /opt/devkitpro/libctru/lib/libctru.a(svc.o)
                0x00105abc                svcExitThread
 .text.svcSleepThread
                0x00105ac4        0x8 /opt/devkitpro/libctru/lib/libctru.a(svc.o)
                0x00105ac4                svcSleepThread
 .text.svcReleaseMutex
                0x00105acc        0x8 /opt/devkitpro/libctru/lib/libctru.a(svc.o)
                0x00105acc                svcReleaseMutex
 .text.svcCreateEvent
                0x00105ad4       0x14 /opt/devkitpro/libctru/lib/libctru.a(svc.o)
                0x00105ad4                svcCreateEvent
 .text.svcSignalEvent
                0x00105ae8        0x8 /opt/devkitpro/libctru/lib/libctru.a(svc.o)
                0x00105ae8                svcSignalEvent
 .text.svcClearEvent
                0x00105af0        0x8 /opt/devkitpro/libctru/lib/libctru.a(svc.o)
                0x00105af0                svcClearEvent
 .text.svcMapMemoryBlock
                0x00105af8        0x8 /opt/devkitpro/libctru/lib/libctru.a(svc.o)
                0x00105af8                svcMapMemoryBlock
 .text.svcUnmapMemoryBlock
                0x00105b00        0x8 /opt/devkitpro/libctru/lib/libctru.a(svc.o)
                0x00105b00                svcUnmapMemoryBlock
 .text.svcCreateAddressArbiter
                0x00105b08       0x14 /opt/devkitpro/libctru/lib/libctru.a(svc.o)
                0x00105b08                svcCreateAddressArbiter
 .text.svcArbitrateAddressNoTimeout
                0x00105b1c        0x8 /opt/devkitpro/libctru/lib/libctru.a(svc.o)
                0x00105b1c                svcArbitrateAddressNoTimeout
 .text.svcCloseHandle
                0x00105b24        0x8 /opt/devkitpro/libctru/lib/libctru.a(svc.o)
                0x00105b24                svcCloseHandle
 .text.svcWaitSynchronization
                0x00105b2c        0x8 /opt/devkitpro/libctru/lib/libctru.a(svc.o)
                0x00105b2c                svcWaitSynchronization
 .text.svcWaitSynchronizationN
                0x00105b34       0x28 /opt/devkitpro/libctru/lib/libctru.a(svc.o)
                0x00105b34                svcWaitSynchronizationN
 .text.svcDuplicateHandle
                0x00105b5c       0x14 /opt/devkitpro/libctru/lib/libctru.a(svc.o)
                0x00105b5c                svcDuplicateHandle
 .text.svcConnectToPort
                0x00105b70       0x14 /opt/devkitpro/libctru/lib/libctru.a(svc.o)
                0x00105b70                svcConnectToPort
 .text.svcSendSyncRequest
                0x00105b84        0x8 /opt/devkitpro/libctru/lib/libctru.a(svc.o)
                0x00105b84                svcSendSyncRequest
 .text.svcGetResourceLimit
                0x00105b8c       0x14 /opt/devkitpro/libctru/lib/libctru.a(svc.o)
                0x00105b8c                svcGetResourceLimit
 .text.svcGetResourceLimitLimitValues
                0x00105ba0        0x8 /opt/devkitpro/libctru/lib/libctru.a(svc.o)
                0x00105ba0                svcGetResourceLimitLimitValues
 .text.svcGetResourceLimitCurrentValues
                0x00105ba8        0x8 /opt/devkitpro/libctru/lib/libctru.a(svc.o)
                0x00105ba8                svcGetResourceLimitCurrentValues
 .text.svcBreak
                0x00105bb0        0x8 /opt/devkitpro/libctru/lib/libctru.a(svc.o)
                0x00105bb0                svcBreak
 .text.initSystem
                0x00105bb8       0x50 /opt/devkitpro/libctru/lib/libctru.a(stack_adjust.o)
                0x00105bb8                initSystem
 .text.__ctru_exit
                0x00105c08       0x18 /opt/devkitpro/libctru/lib/libctru.a(stack_adjust.o)
                0x00105c08                __ctru_exit
 .text._ZL21addrMapNodeComparatorPK11rbtree_nodeS1_
                0x00105c20       0x24 /opt/devkitpro/libctru/lib/libctru.a(vram.o)
 .text._ZL21addrMapNodeDestructorP11rbtree_node
                0x00105c44        0x4 /opt/devkitpro/libctru/lib/libctru.a(vram.o)
 .text.vramMemAlignAt
                0x00105c48      0x24c /opt/devkitpro/libctru/lib/libctru.a(vram.o)
                0x00105c48                vramMemAlignAt
 .text.vramAlloc
                0x00105e94        0xc /opt/devkitpro/libctru/lib/libctru.a(vram.o)
                0x00105e94                vramAlloc
 .text.vramFree
                0x00105ea0       0x90 /opt/devkitpro/libctru/lib/libctru.a(vram.o)
                0x00105ea0                vramFree
 .text._ZL21addrMapNodeComparatorPK11rbtree_nodeS1_
                0x00105f30       0x24 /opt/devkitpro/libctru/lib/libctru.a(linear.o)
 .text._ZL21addrMapNodeDestructorP11rbtree_node
                0x00105f54        0x4 /opt/devkitpro/libctru/lib/libctru.a(linear.o)
 .text.linearMemAlign
                0x00105f58      0x120 /opt/devkitpro/libctru/lib/libctru.a(linear.o)
                0x00105f58                linearMemAlign
 .text.linearAlloc
                0x00106078        0x8 /opt/devkitpro/libctru/lib/libctru.a(linear.o)
                0x00106078                linearAlloc
 .text.linearFree
                0x00106080       0x5c /opt/devkitpro/libctru/lib/libctru.a(linear.o)
                0x00106080                linearFree
 .text._ZN7MemPool13CoalesceRightEP8MemBlock
                0x001060dc       0x80 /opt/devkitpro/libctru/lib/libctru.a(mem_pool.o)
                0x001060dc                MemPool::CoalesceRight(MemBlock*)
 .text._ZN7MemPool8AllocateER8MemChunkmi
                0x0010615c      0x16c /opt/devkitpro/libctru/lib/libctru.a(mem_pool.o)
                0x0010615c                MemPool::Allocate(MemChunk&, unsigned long, int)
 .text._ZN7MemPool10DeallocateERK8MemChunk
                0x001062c8       0xfc /opt/devkitpro/libctru/lib/libctru.a(mem_pool.o)
                0x001062c8                MemPool::Deallocate(MemChunk const&)
 .text._ZN7MemPool12GetFreeSpaceEv
                0x001063c4       0x30 /opt/devkitpro/libctru/lib/libctru.a(mem_pool.o)
                0x001063c4                MemPool::GetFreeSpace()
 .text.__sync_init
                0x001063f4        0xc /opt/devkitpro/libctru/lib/libctru.a(synchronization.o)
                0x001063f4                __sync_init
 .text.__sync_fini
                0x00106400       0x18 /opt/devkitpro/libctru/lib/libctru.a(synchronization.o)
                0x00106400                __sync_fini
 .text.syncArbitrateAddress
                0x00106418       0x2c /opt/devkitpro/libctru/lib/libctru.a(synchronization.o)
                0x00106418                syncArbitrateAddress
 .text.LightLock_Lock
                0x00106444       0xac /opt/devkitpro/libctru/lib/libctru.a(synchronization.o)
                0x00106444                LightLock_Lock
 .text.LightLock_Unlock
                0x001064f0       0x40 /opt/devkitpro/libctru/lib/libctru.a(synchronization.o)
                0x001064f0                LightLock_Unlock
 .text.RecursiveLock_Lock
                0x00106530       0x30 /opt/devkitpro/libctru/lib/libctru.a(synchronization.o)
                0x00106530                RecursiveLock_Lock
 .text.RecursiveLock_Unlock
                0x00106560       0x54 /opt/devkitpro/libctru/lib/libctru.a(synchronization.o)
                0x00106560                RecursiveLock_Unlock
 .text.LightEvent_Init
                0x001065b4       0x40 /opt/devkitpro/libctru/lib/libctru.a(synchronization.o)
                0x001065b4                LightEvent_Init
 .text.LightEvent_Clear
                0x001065f4       0xa4 /opt/devkitpro/libctru/lib/libctru.a(synchronization.o)
                0x001065f4                LightEvent_Clear
 .text.LightEvent_Signal
                0x00106698       0xc8 /opt/devkitpro/libctru/lib/libctru.a(synchronization.o)
                0x00106698                LightEvent_Signal
 .text.LightEvent_TryWait
                0x00106760       0x50 /opt/devkitpro/libctru/lib/libctru.a(synchronization.o)
                0x00106760                LightEvent_TryWait
 .text.LightEvent_Wait
                0x001067b0       0xa0 /opt/devkitpro/libctru/lib/libctru.a(synchronization.o)
                0x001067b0                LightEvent_Wait
 .text.__ctru_speedup_config
                0x00106850       0x34 /opt/devkitpro/libctru/lib/libctru.a(os.o)
                0x00106850                __ctru_speedup_config
 .text.srvInit  0x00106884      0x12c /opt/devkitpro/libctru/lib/libctru.a(srv.o)
                0x00106884                srvInit
 .text.srvExit  0x001069b0       0x58 /opt/devkitpro/libctru/lib/libctru.a(srv.o)
                0x001069b0                srvExit
 .text.srvEnableNotification
                0x00106a08       0x60 /opt/devkitpro/libctru/lib/libctru.a(srv.o)
                0x00106a08                srvEnableNotification
 .text.srvGetServiceHandleDirect
                0x00106a68       0xa0 /opt/devkitpro/libctru/lib/libctru.a(srv.o)
                0x00106a68                srvGetServiceHandleDirect
 .text.srvGetServiceHandle
                0x00106b08       0x38 /opt/devkitpro/libctru/lib/libctru.a(srv.o)
                0x00106b08                srvGetServiceHandle
 .text.srvSubscribe
                0x00106b40       0x34 /opt/devkitpro/libctru/lib/libctru.a(srv.o)
                0x00106b40                srvSubscribe
 .text.srvReceiveNotification
                0x00106b74       0x60 /opt/devkitpro/libctru/lib/libctru.a(srv.o)
                0x00106b74                srvReceiveNotification
 .text.srvPublishToSubscriber
                0x00106bd4       0x38 /opt/devkitpro/libctru/lib/libctru.a(srv.o)
                0x00106bd4                srvPublishToSubscriber
 .text.threadCreate
                0x00106c0c      0x1d8 /opt/devkitpro/libctru/lib/libctru.a(thread.o)
                0x00106c0c                threadCreate
 .text.threadFree
                0x00106de4       0x2c /opt/devkitpro/libctru/lib/libctru.a(thread.o)
                0x00106de4                threadFree
 .text.threadJoin
                0x00106e10       0x24 /opt/devkitpro/libctru/lib/libctru.a(thread.o)
                0x00106e10                threadJoin
 .text.threadGetCurrent
                0x00106e34       0x30 /opt/devkitpro/libctru/lib/libctru.a(thread.o)
                0x00106e34                threadGetCurrent
 .text.threadExit
                0x00106e64       0x40 /opt/devkitpro/libctru/lib/libctru.a(thread.o)
                0x00106e64                threadExit
 .text._thread_begin
                0x00106ea4       0x20 /opt/devkitpro/libctru/lib/libctru.a(thread.o)
 .text.mappableFindAddressWithin
                0x00106ec4       0xb4 /opt/devkitpro/libctru/lib/libctru.a(mappable.o)
 .text.mappableInit
                0x00106f78       0x28 /opt/devkitpro/libctru/lib/libctru.a(mappable.o)
                0x00106f78                mappableInit
 .text.mappableAlloc
                0x00106fa0       0x80 /opt/devkitpro/libctru/lib/libctru.a(mappable.o)
                0x00106fa0                mappableAlloc
 .text.mappableFree
                0x00107020        0x4 /opt/devkitpro/libctru/lib/libctru.a(mappable.o)
                0x00107020                mappableFree
 .text.irrstInit
                0x00107024      0x160 /opt/devkitpro/libctru/lib/libctru.a(irrst.o)
                0x00107024                irrstInit
 .text.irrstExit
                0x00107184       0xcc /opt/devkitpro/libctru/lib/libctru.a(irrst.o)
                0x00107184                irrstExit
 .text.irrstScanInput
                0x00107250       0xb4 /opt/devkitpro/libctru/lib/libctru.a(irrst.o)
                0x00107250                irrstScanInput
 .text.irrstKeysHeld
                0x00107304       0x24 /opt/devkitpro/libctru/lib/libctru.a(irrst.o)
                0x00107304                irrstKeysHeld
 .text.srvPmGetSessionHandle
                0x00107328        0xc /opt/devkitpro/libctru/lib/libctru.a(srvpm.o)
                0x00107328                srvPmGetSessionHandle
 .text.ptmSysmInit
                0x00107334       0x74 /opt/devkitpro/libctru/lib/libctru.a(ptmsysm.o)
                0x00107334                ptmSysmInit
 .text.ptmSysmExit
                0x001073a8       0x3c /opt/devkitpro/libctru/lib/libctru.a(ptmsysm.o)
                0x001073a8                ptmSysmExit
 .text.PTMSYSM_ConfigureNew3DSCPU
                0x001073e4       0x34 /opt/devkitpro/libctru/lib/libctru.a(ptmsysm.o)
                0x001073e4                PTMSYSM_ConfigureNew3DSCPU
 .text.rbtree_init
                0x00107418       0x10 /opt/devkitpro/libctru/lib/libctru.a(rbtree_init.o)
                0x00107418                rbtree_init
 .text.do_insert
                0x00107428      0x1b0 /opt/devkitpro/libctru/lib/libctru.a(rbtree_insert.o)
 .text.rbtree_insert
                0x001075d8        0x8 /opt/devkitpro/libctru/lib/libctru.a(rbtree_insert.o)
                0x001075d8                rbtree_insert
 .text.rbtree_rotate
                0x001075e0       0x90 /opt/devkitpro/libctru/lib/libctru.a(rbtree_rotate.o)
                0x001075e0                rbtree_rotate
 .text.rbtree_remove
                0x00107670      0x318 /opt/devkitpro/libctru/lib/libctru.a(rbtree_remove.o)
                0x00107670                rbtree_remove
 .text.rbtree_find
                0x00107988       0x74 /opt/devkitpro/libctru/lib/libctru.a(rbtree_find.o)
                0x00107988                rbtree_find
 .text.__appInit
                0x001079fc       0x30 /opt/devkitpro/libctru/lib/libctru.a(appInit.o)
                0x001079fc                __appInit
 .text.__syscall_getreent
                0x00107a2c       0x30 /opt/devkitpro/libctru/lib/libctru.a(syscalls.o)
                0x00107a2c                __syscall_getreent
 .text.__syscall_lock_acquire
                0x00107a5c        0x4 /opt/devkitpro/libctru/lib/libctru.a(syscalls.o)
                0x00107a5c                __syscall_lock_acquire
 .text.__syscall_lock_release
                0x00107a60        0x4 /opt/devkitpro/libctru/lib/libctru.a(syscalls.o)
                0x00107a60                __syscall_lock_release
 .text.__syscall_lock_acquire_recursive
                0x00107a64        0x4 /opt/devkitpro/libctru/lib/libctru.a(syscalls.o)
                0x00107a64                __syscall_lock_acquire_recursive
 .text.__syscall_lock_release_recursive
                0x00107a68        0x4 /opt/devkitpro/libctru/lib/libctru.a(syscalls.o)
                0x00107a68                __syscall_lock_release_recursive
 .text.__syscall_exit
                0x00107a6c        0x4 /opt/devkitpro/libctru/lib/libctru.a(syscalls.o)
                0x00107a6c                __syscall_exit
 .text.initThreadVars
                0x00107a70       0x50 /opt/devkitpro/libctru/lib/libctru.a(syscalls.o)
                0x00107a70                initThreadVars
 .text.__system_initSyscalls
                0x00107ac0       0x80 /opt/devkitpro/libctru/lib/libctru.a(syscalls.o)
                0x00107ac0                __system_initSyscalls
 .text.__system_allocateHeaps
                0x00107b40      0x1e0 /opt/devkitpro/libctru/lib/libctru.a(allocateHeaps.o)
                0x00107b40                __system_allocateHeaps
 .text.__appExit
                0x00107d20       0x30 /opt/devkitpro/libctru/lib/libctru.a(appExit.o)
                0x00107d20                __appExit
 .text.__libctru_exit
                0x00107d50       0x90 /opt/devkitpro/libctru/lib/libctru.a(ctru_exit.o)
                0x00107d50                __libctru_exit
 .text.envGetHandle
                0x00107de0       0x84 /opt/devkitpro/libctru/lib/libctru.a(env.o)
                0x00107de0                envGetHandle
 .text.envDestroyHandles
                0x00107e64       0x50 /opt/devkitpro/libctru/lib/libctru.a(env.o)
                0x00107e64                envDestroyHandles
 .text.archive_link
                0x00107eb4       0x14 /opt/devkitpro/libctru/lib/libctru.a(archive_dev.o)
 .text.archive_dirreset
                0x00107ec8       0x14 /opt/devkitpro/libctru/lib/libctru.a(archive_dev.o)
 .text.archive_chmod
                0x00107edc       0x14 /opt/devkitpro/libctru/lib/libctru.a(archive_dev.o)
 .text.error_cmp
                0x00107ef0       0x24 /opt/devkitpro/libctru/lib/libctru.a(archive_dev.o)
 .text.archive_translate_error
                0x00107f14       0x50 /opt/devkitpro/libctru/lib/libctru.a(archive_dev.o)
 .text.archive_seek
                0x00107f64       0xc8 /opt/devkitpro/libctru/lib/libctru.a(archive_dev.o)
 .text._archiveInit.part.0
                0x0010802c       0x7c /opt/devkitpro/libctru/lib/libctru.a(archive_dev.o)
 .text.archiveFindDevice.part.0
                0x001080a8       0xc4 /opt/devkitpro/libctru/lib/libctru.a(archive_dev.o)
 .text.archive_utf16path
                0x0010816c      0x280 /opt/devkitpro/libctru/lib/libctru.a(archive_dev.o)
 .text._archiveUnmountDeviceStruct.part.0
                0x001083ec       0x9c /opt/devkitpro/libctru/lib/libctru.a(archive_dev.o)
 .text.archive_fchmod
                0x00108488       0x14 /opt/devkitpro/libctru/lib/libctru.a(archive_dev.o)
 .text.archive_statvfs
                0x0010849c       0x14 /opt/devkitpro/libctru/lib/libctru.a(archive_dev.o)
 .text._archiveMountDevice
                0x001084b0      0x164 /opt/devkitpro/libctru/lib/libctru.a(archive_dev.o)
 .text.archive_diropen
                0x00108614       0xe8 /opt/devkitpro/libctru/lib/libctru.a(archive_dev.o)
 .text.archive_fstat
                0x001086fc       0xa4 /opt/devkitpro/libctru/lib/libctru.a(archive_dev.o)
 .text.archive_fsync
                0x001087a0       0x6c /opt/devkitpro/libctru/lib/libctru.a(archive_dev.o)
 .text.archive_close
                0x0010880c       0x6c /opt/devkitpro/libctru/lib/libctru.a(archive_dev.o)
 .text.archive_dirclose
                0x00108878       0x70 /opt/devkitpro/libctru/lib/libctru.a(archive_dev.o)
 .text.sdmc_statvfs
                0x001088e8       0xe8 /opt/devkitpro/libctru/lib/libctru.a(archive_dev.o)
 .text.archive_chdir
                0x001089d0       0xec /opt/devkitpro/libctru/lib/libctru.a(archive_dev.o)
 .text.archive_ftruncate
                0x00108abc       0x7c /opt/devkitpro/libctru/lib/libctru.a(archive_dev.o)
 .text.archive_read
                0x00108b38       0xac /opt/devkitpro/libctru/lib/libctru.a(archive_dev.o)
 .text.archive_unlink
                0x00108be4       0xa4 /opt/devkitpro/libctru/lib/libctru.a(archive_dev.o)
 .text.archive_rmdir
                0x00108c88       0xbc /opt/devkitpro/libctru/lib/libctru.a(archive_dev.o)
 .text.archive_mkdir
                0x00108d44       0xdc /opt/devkitpro/libctru/lib/libctru.a(archive_dev.o)
 .text.archive_stat
                0x00108e20      0x194 /opt/devkitpro/libctru/lib/libctru.a(archive_dev.o)
 .text.archive_dirnext
                0x00108fb4      0x160 /opt/devkitpro/libctru/lib/libctru.a(archive_dev.o)
 .text.archive_write
                0x00109114      0x124 /opt/devkitpro/libctru/lib/libctru.a(archive_dev.o)
 .text.archive_open
                0x00109238      0x20c /opt/devkitpro/libctru/lib/libctru.a(archive_dev.o)
 .text.archive_rename
                0x00109444      0x278 /opt/devkitpro/libctru/lib/libctru.a(archive_dev.o)
 .text.archiveMountSdmc
                0x001096bc      0x19c /opt/devkitpro/libctru/lib/libctru.a(archive_dev.o)
                0x001096bc                archiveMountSdmc
 .text.archiveUnmountAll
                0x00109858       0x54 /opt/devkitpro/libctru/lib/libctru.a(archive_dev.o)
                0x00109858                archiveUnmountAll
 .text.fsInit   0x001098ac       0xcc /opt/devkitpro/libctru/lib/libctru.a(fs.o)
                0x001098ac                fsInit
 .text.fsExit   0x00109978       0x3c /opt/devkitpro/libctru/lib/libctru.a(fs.o)
                0x00109978                fsExit
 .text.fsExemptFromSession
                0x001099b4       0x60 /opt/devkitpro/libctru/lib/libctru.a(fs.o)
                0x001099b4                fsExemptFromSession
 .text.fsUnexemptFromSession
                0x00109a14       0x50 /opt/devkitpro/libctru/lib/libctru.a(fs.o)
                0x00109a14                fsUnexemptFromSession
 .text.FSUSER_OpenFile
                0x00109a64       0xcc /opt/devkitpro/libctru/lib/libctru.a(fs.o)
                0x00109a64                FSUSER_OpenFile
 .text.FSUSER_DeleteFile
                0x00109b30       0xbc /opt/devkitpro/libctru/lib/libctru.a(fs.o)
                0x00109b30                FSUSER_DeleteFile
 .text.FSUSER_RenameFile
                0x00109bec       0xf8 /opt/devkitpro/libctru/lib/libctru.a(fs.o)
                0x00109bec                FSUSER_RenameFile
 .text.FSUSER_DeleteDirectory
                0x00109ce4       0xbc /opt/devkitpro/libctru/lib/libctru.a(fs.o)
                0x00109ce4                FSUSER_DeleteDirectory
 .text.FSUSER_CreateFile
                0x00109da0       0xd4 /opt/devkitpro/libctru/lib/libctru.a(fs.o)
                0x00109da0                FSUSER_CreateFile
 .text.FSUSER_CreateDirectory
                0x00109e74       0xc4 /opt/devkitpro/libctru/lib/libctru.a(fs.o)
                0x00109e74                FSUSER_CreateDirectory
 .text.FSUSER_RenameDirectory
                0x00109f38       0xf8 /opt/devkitpro/libctru/lib/libctru.a(fs.o)
                0x00109f38                FSUSER_RenameDirectory
 .text.FSUSER_OpenDirectory
                0x0010a030       0xb4 /opt/devkitpro/libctru/lib/libctru.a(fs.o)
                0x0010a030                FSUSER_OpenDirectory
 .text.FSUSER_OpenArchive
                0x0010a0e4       0x94 /opt/devkitpro/libctru/lib/libctru.a(fs.o)
                0x0010a0e4                FSUSER_OpenArchive
 .text.FSUSER_CloseArchive
                0x0010a178       0x8c /opt/devkitpro/libctru/lib/libctru.a(fs.o)
                0x0010a178                FSUSER_CloseArchive
 .text.FSUSER_GetSdmcArchiveResource
                0x0010a204       0x74 /opt/devkitpro/libctru/lib/libctru.a(fs.o)
                0x0010a204                FSUSER_GetSdmcArchiveResource
 .text.FSUSER_IsSdmcWritable
                0x0010a278       0x64 /opt/devkitpro/libctru/lib/libctru.a(fs.o)
                0x0010a278                FSUSER_IsSdmcWritable
 .text.FSFILE_Read
                0x0010a2dc       0x58 /opt/devkitpro/libctru/lib/libctru.a(fs.o)
                0x0010a2dc                FSFILE_Read
 .text.FSFILE_Write
                0x0010a334       0x60 /opt/devkitpro/libctru/lib/libctru.a(fs.o)
                0x0010a334                FSFILE_Write
 .text.FSFILE_GetSize
                0x0010a394       0x38 /opt/devkitpro/libctru/lib/libctru.a(fs.o)
                0x0010a394                FSFILE_GetSize
 .text.FSFILE_SetSize
                0x0010a3cc       0x28 /opt/devkitpro/libctru/lib/libctru.a(fs.o)
                0x0010a3cc                FSFILE_SetSize
 .text.FSFILE_Close
                0x0010a3f4       0x3c /opt/devkitpro/libctru/lib/libctru.a(fs.o)
                0x0010a3f4                FSFILE_Close
 .text.FSFILE_Flush
                0x0010a430       0x24 /opt/devkitpro/libctru/lib/libctru.a(fs.o)
                0x0010a430                FSFILE_Flush
 .text.FSDIR_Read
                0x0010a454       0x50 /opt/devkitpro/libctru/lib/libctru.a(fs.o)
                0x0010a454                FSDIR_Read
 .text.FSDIR_Close
                0x0010a4a4       0x3c /opt/devkitpro/libctru/lib/libctru.a(fs.o)
                0x0010a4a4                FSDIR_Close
 .text.rbtree_node_next
                0x0010a4e0       0x5c /opt/devkitpro/libctru/lib/libctru.a(rbtree_iterator.o)
                0x0010a4e0                rbtree_node_next
 .text.utf8_to_utf16
                0x0010a53c       0xc0 /opt/devkitpro/libctru/lib/libctru.a(utf8_to_utf16.o)
                0x0010a53c                utf8_to_utf16
 .text.decode_utf8
                0x0010a5fc      0x13c /opt/devkitpro/libctru/lib/libctru.a(decode_utf8.o)
                0x0010a5fc                decode_utf8
 .text.utf16_to_utf8
                0x0010a738       0xe8 /opt/devkitpro/libctru/lib/libctru.a(utf16_to_utf8.o)
                0x0010a738                utf16_to_utf8
 .text.__aeabi_read_tp
                0x0010a820        0xc /opt/devkitpro/libctru/lib/libctru.a(readtp.o)
                0x0010a820                __aeabi_read_tp
 .text.encode_utf16
                0x0010a82c       0x54 /opt/devkitpro/libctru/lib/libctru.a(encode_utf16.o)
                0x0010a82c                encode_utf16
 .text.encode_utf8
                0x0010a880       0xe0 /opt/devkitpro/libctru/lib/libctru.a(encode_utf8.o)
                0x0010a880                encode_utf8
 .text.decode_utf16
                0x0010a960       0x64 /opt/devkitpro/libctru/lib/libctru.a(decode_utf16.o)
                0x0010a960                decode_utf16
 .text.__udivmoddi4
                0x0010a9c4      0x120 /opt/devkitpro/devkitARM/bin/../lib/gcc/arm-none-eabi/13.2.0/armv6k/fpu/libgcc.a(_udivmoddi4.o)
                0x0010a9c4                __udivmoddi4
 .text.printf   0x0010aae4       0x34 /opt/devkitpro/devkitARM/bin/../lib/gcc/arm-none-eabi/13.2.0/../../../../arm-none-eabi/lib/armv6k/fpu/libg.a(libc_a-printf.o)
                0x0010aae4                printf
 .text.memalign
                0x0010ab18       0x20 /opt/devkitpro/devkitARM/bin/../lib/gcc/arm-none-eabi/13.2.0/../../../../arm-none-eabi/lib/armv6k/fpu/libg.a(libc_a-malign.o)
                0x0010ab18                memalign
 .text._memalign_r
                0x0010ab38      0x14c /opt/devkitpro/devkitARM/bin/../lib/gcc/arm-none-eabi/13.2.0/../../../../arm-none-eabi/lib/armv6k/fpu/libg.a(libc_a-malignr.o)
                0x0010ab38                _memalign_r
 .text.bsearch  0x0010ac84       0x78 /opt/devkitpro/devkitARM/bin/../lib/gcc/arm-none-eabi/13.2.0/../../../../arm-none-eabi/lib/armv6k/fpu/libg.a(libc_a-bsearch.o)
                0x0010ac84                bsearch
 .text.sscanf   0x0010acfc       0x74 /opt/devkitpro/devkitARM/bin/../lib/gcc/arm-none-eabi/13.2.0/../../../../arm-none-eabi/lib/armv6k/fpu/libg.a(libc_a-sscanf.o)
                0x0010acfc                sscanf
 .text.__sread  0x0010ad70       0x44 /opt/devkitpro/devkitARM/bin/../lib/gcc/arm-none-eabi/13.2.0/../../../../arm-none-eabi/lib/armv6k/fpu/libg.a(libc_a-stdio.o)
                0x0010ad70                __sread
 .text.__seofread
                0x0010adb4        0x8 /opt/devkitpro/devkitARM/bin/../lib/gcc/arm-none-eabi/13.2.0/../../../../arm-none-eabi/lib/armv6k/fpu/libg.a(libc_a-stdio.o)
                0x0010adb4                __seofread
 .text.__swrite
                0x0010adbc       0x68 /opt/devkitpro/devkitARM/bin/../lib/gcc/arm-none-eabi/13.2.0/../../../../arm-none-eabi/lib/armv6k/fpu/libg.a(libc_a-stdio.o)
                0x0010adbc                __swrite
 .text.__sseek  0x0010ae24       0x44 /opt/devkitpro/devkitARM/bin/../lib/gcc/arm-none-eabi/13.2.0/../../../../arm-none-eabi/lib/armv6k/fpu/libg.a(libc_a-stdio.o)
                0x0010ae24                __sseek
 .text.__sclose
                0x0010ae68        0x8 /opt/devkitpro/devkitARM/bin/../lib/gcc/arm-none-eabi/13.2.0/../../../../arm-none-eabi/lib/armv6k/fpu/libg.a(libc_a-stdio.o)
                0x0010ae68                __sclose
 .text.setvbuf  0x0010ae70      0x25c /opt/devkitpro/devkitARM/bin/../lib/gcc/arm-none-eabi/13.2.0/../../../../arm-none-eabi/lib/armv6k/fpu/libg.a(libc_a-setvbuf.o)
                0x0010ae70                setvbuf
 .text.__call_exitprocs
                0x0010b0cc        0x4 /opt/devkitpro/devkitARM/bin/../lib/gcc/arm-none-eabi/13.2.0/../../../../arm-none-eabi/lib/armv6k/fpu/libg.a(libc_a-exit.o)
                0x0010b0cc                __call_exitprocs
 .text.exit     0x0010b0d0       0x30 /opt/devkitpro/devkitARM/bin/../lib/gcc/arm-none-eabi/13.2.0/../../../../arm-none-eabi/lib/armv6k/fpu/libg.a(libc_a-exit.o)
                0x0010b0d0                exit
 .text._malloc_trim_r
                0x0010b100       0xf8 /opt/devkitpro/devkitARM/bin/../lib/gcc/arm-none-eabi/13.2.0/../../../../arm-none-eabi/lib/armv6k/fpu/libg.a(libc_a-freer.o)
                0x0010b100                _malloc_trim_r
 .text._free_r  0x0010b1f8      0x2e8 /opt/devkitpro/devkitARM/bin/../lib/gcc/arm-none-eabi/13.2.0/../../../../arm-none-eabi/lib/armv6k/fpu/libg.a(libc_a-freer.o)
                0x0010b1f8                _free_r
 .text.malloc   0x0010b4e0       0x18 /opt/devkitpro/devkitARM/bin/../lib/gcc/arm-none-eabi/13.2.0/../../../../arm-none-eabi/lib/armv6k/fpu/libg.a(libc_a-malloc.o)
                0x0010b4e0                malloc
 .text.free     0x0010b4f8       0x18 /opt/devkitpro/devkitARM/bin/../lib/gcc/arm-none-eabi/13.2.0/../../../../arm-none-eabi/lib/armv6k/fpu/libg.a(libc_a-malloc.o)
                0x0010b4f8                free
 .text.get_arg  0x0010b510       0x50 /opt/devkitpro/devkitARM/bin/../lib/gcc/arm-none-eabi/13.2.0/../../../../arm-none-eabi/lib/armv6k/fpu/libg.a(libc_a-svfscanf.o)
 .text.__ssvfscanf_r
                0x0010b560     0x2bf8 /opt/devkitpro/devkitARM/bin/../lib/gcc/arm-none-eabi/13.2.0/../../../../arm-none-eabi/lib/armv6k/fpu/libg.a(libc_a-svfscanf.o)
                0x0010b560                __ssvfscanf_r
 .text._malloc_r
                0x0010e158      0x79c /opt/devkitpro/devkitARM/bin/../lib/gcc/arm-none-eabi/13.2.0/../../../../arm-none-eabi/lib/armv6k/fpu/libg.a(libc_a-mallocr.o)
                0x0010e158                _malloc_r
 .text.memset   0x0010e8f4       0xf4 /opt/devkitpro/devkitARM/bin/../lib/gcc/arm-none-eabi/13.2.0/../../../../arm-none-eabi/lib/armv6k/fpu/libg.a(libc_a-memset.o)
                0x0010e8f4                memset
 .text.__malloc_lock
                0x0010e9e8        0xc /opt/devkitpro/devkitARM/bin/../lib/gcc/arm-none-eabi/13.2.0/../../../../arm-none-eabi/lib/armv6k/fpu/libg.a(libc_a-mlock.o)
                0x0010e9e8                __malloc_lock
 .text.__malloc_unlock
                0x0010e9f4        0xc /opt/devkitpro/devkitARM/bin/../lib/gcc/arm-none-eabi/13.2.0/../../../../arm-none-eabi/lib/armv6k/fpu/libg.a(libc_a-mlock.o)
                0x0010e9f4                __malloc_unlock
 .text.get_arg  0x0010ea00      0x64c /opt/devkitpro/devkitARM/bin/../lib/gcc/arm-none-eabi/13.2.0/../../../../arm-none-eabi/lib/armv6k/fpu/libg.a(libc_a-vfprintf.o)
 *fill*         0x0010f04c        0x4 
 .text._vfprintf_r
                0x0010f050     0x3378 /opt/devkitpro/devkitARM/bin/../lib/gcc/arm-none-eabi/13.2.0/../../../../arm-none-eabi/lib/armv6k/fpu/libg.a(libc_a-vfprintf.o)
                0x0010f050                _vfprintf_r
 .text.__sbprintf
                0x001123c8       0xb8 /opt/devkitpro/devkitARM/bin/../lib/gcc/arm-none-eabi/13.2.0/../../../../arm-none-eabi/lib/armv6k/fpu/libg.a(libc_a-vfprintf.o)
 .text.strlen   0x00112480       0x90 /opt/devkitpro/devkitARM/bin/../lib/gcc/arm-none-eabi/13.2.0/../../../../arm-none-eabi/lib/armv6k/fpu/libg.a(libc_a-strlen.o)
                0x00112480                strlen
 .text.__sflush_r
                0x00112510      0x22c /opt/devkitpro/devkitARM/bin/../lib/gcc/arm-none-eabi/13.2.0/../../../../arm-none-eabi/lib/armv6k/fpu/libg.a(libc_a-fflush.o)
                0x00112510                __sflush_r
 .text._fflush_r
                0x0011273c       0x94 /opt/devkitpro/devkitARM/bin/../lib/gcc/arm-none-eabi/13.2.0/../../../../arm-none-eabi/lib/armv6k/fpu/libg.a(libc_a-fflush.o)
                0x0011273c                _fflush_r
 .text.strncat  0x001127d0       0xe4 /opt/devkitpro/devkitARM/bin/../lib/gcc/arm-none-eabi/13.2.0/../../../../arm-none-eabi/lib/armv6k/fpu/libg.a(libc_a-strncat.o)
                0x001127d0                strncat
 .text.strncmp  0x001128b4       0xe4 /opt/devkitpro/devkitARM/bin/../lib/gcc/arm-none-eabi/13.2.0/../../../../arm-none-eabi/lib/armv6k/fpu/libg.a(libc_a-strncmp.o)
                0x001128b4                strncmp
 .text._fwalk_sglue
                0x00112998       0x70 /opt/devkitpro/devkitARM/bin/../lib/gcc/arm-none-eabi/13.2.0/../../../../arm-none-eabi/lib/armv6k/fpu/libg.a(libc_a-fwalk.o)
                0x00112998                _fwalk_sglue
 .text.strncpy  0x00112a08       0xc4 /opt/devkitpro/devkitARM/bin/../lib/gcc/arm-none-eabi/13.2.0/../../../../arm-none-eabi/lib/armv6k/fpu/libg.a(libc_a-strncpy.o)
                0x00112a08                strncpy
 .text.stdio_exit_handler
                0x00112acc       0x1c /opt/devkitpro/devkitARM/bin/../lib/gcc/arm-none-eabi/13.2.0/../../../../arm-none-eabi/lib/armv6k/fpu/libg.a(libc_a-findfp.o)
 .text.cleanup_stdio
                0x00112ae8       0x5c /opt/devkitpro/devkitARM/bin/../lib/gcc/arm-none-eabi/13.2.0/../../../../arm-none-eabi/lib/armv6k/fpu/libg.a(libc_a-findfp.o)
 .text.global_stdio_init.part.0
                0x00112b44      0x154 /opt/devkitpro/devkitARM/bin/../lib/gcc/arm-none-eabi/13.2.0/../../../../arm-none-eabi/lib/armv6k/fpu/libg.a(libc_a-findfp.o)
 .text.__sinit  0x00112c98       0x5c /opt/devkitpro/devkitARM/bin/../lib/gcc/arm-none-eabi/13.2.0/../../../../arm-none-eabi/lib/armv6k/fpu/libg.a(libc_a-findfp.o)
                0x00112c98                __sinit
 .text.__sfp_lock_acquire
                0x00112cf4        0xc /opt/devkitpro/devkitARM/bin/../lib/gcc/arm-none-eabi/13.2.0/../../../../arm-none-eabi/lib/armv6k/fpu/libg.a(libc_a-findfp.o)
                0x00112cf4                __sfp_lock_acquire
 .text.__sfp_lock_release
                0x00112d00        0xc /opt/devkitpro/devkitARM/bin/../lib/gcc/arm-none-eabi/13.2.0/../../../../arm-none-eabi/lib/armv6k/fpu/libg.a(libc_a-findfp.o)
                0x00112d00                __sfp_lock_release
 .text.strnlen  0x00112d0c       0x48 /opt/devkitpro/devkitARM/bin/../lib/gcc/arm-none-eabi/13.2.0/../../../../arm-none-eabi/lib/armv6k/fpu/libg.a(libc_a-strnlen.o)
                0x00112d0c                strnlen
 .text.sulp     0x00112d54       0x64 /opt/devkitpro/devkitARM/bin/../lib/gcc/arm-none-eabi/13.2.0/../../../../arm-none-eabi/lib/armv6k/fpu/libg.a(libc_a-strtod.o)
 .text._strtod_l
                0x00112db8     0x13a4 /opt/devkitpro/devkitARM/bin/../lib/gcc/arm-none-eabi/13.2.0/../../../../arm-none-eabi/lib/armv6k/fpu/libg.a(libc_a-strtod.o)
                0x00112db8                _strtod_l
 .text._strtod_r
                0x0011415c       0x3c /opt/devkitpro/devkitARM/bin/../lib/gcc/arm-none-eabi/13.2.0/../../../../arm-none-eabi/lib/armv6k/fpu/libg.a(libc_a-strtod.o)
                0x0011415c                _strtod_r
 .text._strtol_l.part.0
                0x00114198      0x1b0 /opt/devkitpro/devkitARM/bin/../lib/gcc/arm-none-eabi/13.2.0/../../../../arm-none-eabi/lib/armv6k/fpu/libg.a(libc_a-strtol.o)
 .text._strtol_r
                0x00114348       0x60 /opt/devkitpro/devkitARM/bin/../lib/gcc/arm-none-eabi/13.2.0/../../../../arm-none-eabi/lib/armv6k/fpu/libg.a(libc_a-strtol.o)
                0x00114348                _strtol_r
 .text.realloc  0x001143a8       0x20 /opt/devkitpro/devkitARM/bin/../lib/gcc/arm-none-eabi/13.2.0/../../../../arm-none-eabi/lib/armv6k/fpu/libg.a(libc_a-realloc.o)
                0x001143a8                realloc
 .text._strtoul_l.isra.0
                0x001143c8      0x1d8 /opt/devkitpro/devkitARM/bin/../lib/gcc/arm-none-eabi/13.2.0/../../../../arm-none-eabi/lib/armv6k/fpu/libg.a(libc_a-strtoul.o)
 .text._strtoul_r
                0x001145a0       0x30 /opt/devkitpro/devkitARM/bin/../lib/gcc/arm-none-eabi/13.2.0/../../../../arm-none-eabi/lib/armv6k/fpu/libg.a(libc_a-strtoul.o)
                0x001145a0                _strtoul_r
 .text.strtoul  0x001145d0       0x34 /opt/devkitpro/devkitARM/bin/../lib/gcc/arm-none-eabi/13.2.0/../../../../arm-none-eabi/lib/armv6k/fpu/libg.a(libc_a-strtoul.o)
                0x001145d0                strtoul
 .text.__locale_mb_cur_max
                0x00114604       0x24 /opt/devkitpro/devkitARM/bin/../lib/gcc/arm-none-eabi/13.2.0/../../../../arm-none-eabi/lib/armv6k/fpu/libg.a(libc_a-locale.o)
                0x00114604                __locale_mb_cur_max
 .text._localeconv_r
                0x00114628       0x24 /opt/devkitpro/devkitARM/bin/../lib/gcc/arm-none-eabi/13.2.0/../../../../arm-none-eabi/lib/armv6k/fpu/libg.a(libc_a-localeconv.o)
                0x00114628                _localeconv_r
 .text.memchr   0x0011464c       0xe0 /opt/devkitpro/devkitARM/bin/../lib/gcc/arm-none-eabi/13.2.0/../../../../arm-none-eabi/lib/armv6k/fpu/libg.a(libc_a-memchr-stub.o)
                0x0011464c                memchr
 .text.__utf8_wctomb
                0x0011472c       0xf0 /opt/devkitpro/devkitARM/bin/../lib/gcc/arm-none-eabi/13.2.0/../../../../arm-none-eabi/lib/armv6k/fpu/libg.a(libc_a-wctomb_r.o)
                0x0011472c                __utf8_wctomb
 .text.memcpy   0x0011481c      0x11c /opt/devkitpro/devkitARM/bin/../lib/gcc/arm-none-eabi/13.2.0/../../../../arm-none-eabi/lib/armv6k/fpu/libg.a(libc_a-memcpy-stub.o)
                0x0011481c                memcpy
 .text.stpncpy  0x00114938       0xdc /opt/devkitpro/devkitARM/bin/../lib/gcc/arm-none-eabi/13.2.0/../../../../arm-none-eabi/lib/armv6k/fpu/libg.a(libc_a-stpncpy.o)
                0x00114938                stpncpy
 .text.__libc_init_array
                0x00114a14       0x84 /opt/devkitpro/devkitARM/bin/../lib/gcc/arm-none-eabi/13.2.0/../../../../arm-none-eabi/lib/armv6k/fpu/libg.a(libc_a-init.o)
                0x00114a14                __libc_init_array
 .text.__libc_fini_array
                0x00114a98       0x3c /opt/devkitpro/devkitARM/bin/../lib/gcc/arm-none-eabi/13.2.0/../../../../arm-none-eabi/lib/armv6k/fpu/libg.a(libc_a-fini.o)
                0x00114a98                __libc_fini_array
 .text.__errno  0x00114ad4        0xc /opt/devkitpro/devkitARM/bin/../lib/gcc/arm-none-eabi/13.2.0/../../../../arm-none-eabi/lib/armv6k/fpu/libg.a(libc_a-errno.o)
                0x00114ad4                __errno
 .text.nan      0x00114ae0       0x10 /opt/devkitpro/devkitARM/bin/../lib/gcc/arm-none-eabi/13.2.0/../../../../arm-none-eabi/lib/armv6k/fpu/libg.a(libm_a-s_nan.o)
                0x00114ae0                nan
 .text.nanf     0x00114af0        0xc /opt/devkitpro/devkitARM/bin/../lib/gcc/arm-none-eabi/13.2.0/../../../../arm-none-eabi/lib/armv6k/fpu/libg.a(libm_a-sf_nan.o)
                0x00114af0                nanf
 *fill*         0x00114afc        0x4 
 .text.frexp    0x00114b00       0x88 /opt/devkitpro/devkitARM/bin/../lib/gcc/arm-none-eabi/13.2.0/../../../../arm-none-eabi/lib/armv6k/fpu/libg.a(libm_a-s_frexp.o)
                0x00114b00                frexp
 .text._strtoll_l.isra.0
                0x00114b88      0x234 /opt/devkitpro/devkitARM/bin/../lib/gcc/arm-none-eabi/13.2.0/../../../../arm-none-eabi/lib/armv6k/fpu/libg.a(libc_a-strtoll.o)
 .text._strtoll_r
                0x00114dbc       0x30 /opt/devkitpro/devkitARM/bin/../lib/gcc/arm-none-eabi/13.2.0/../../../../arm-none-eabi/lib/armv6k/fpu/libg.a(libc_a-strtoll.o)
                0x00114dbc                _strtoll_r
 .text._strtoull_l.isra.0
                0x00114dec      0x25c /opt/devkitpro/devkitARM/bin/../lib/gcc/arm-none-eabi/13.2.0/../../../../arm-none-eabi/lib/armv6k/fpu/libg.a(libc_a-strtoull.o)
 .text._strtoull_r
                0x00115048       0x30 /opt/devkitpro/devkitARM/bin/../lib/gcc/arm-none-eabi/13.2.0/../../../../arm-none-eabi/lib/armv6k/fpu/libg.a(libc_a-strtoull.o)
                0x00115048                _strtoull_r
 .text.iswspace
                0x00115078        0x8 /opt/devkitpro/devkitARM/bin/../lib/gcc/arm-none-eabi/13.2.0/../../../../arm-none-eabi/lib/armv6k/fpu/libg.a(libc_a-iswspace.o)
                0x00115078                iswspace
 .text._mbrtowc_r
                0x00115080       0xb4 /opt/devkitpro/devkitARM/bin/../lib/gcc/arm-none-eabi/13.2.0/../../../../arm-none-eabi/lib/armv6k/fpu/libg.a(libc_a-mbrtowc.o)
                0x00115080                _mbrtowc_r
 .text.__smakebuf_r
                0x00115134      0x12c /opt/devkitpro/devkitARM/bin/../lib/gcc/arm-none-eabi/13.2.0/../../../../arm-none-eabi/lib/armv6k/fpu/libg.a(libc_a-makebuf.o)
                0x00115134                __smakebuf_r
 .text.__swhatbuf_r
                0x00115260       0x8c /opt/devkitpro/devkitARM/bin/../lib/gcc/arm-none-eabi/13.2.0/../../../../arm-none-eabi/lib/armv6k/fpu/libg.a(libc_a-makebuf.o)
                0x00115260                __swhatbuf_r
 .text._wcrtomb_r
                0x001152ec       0xa0 /opt/devkitpro/devkitARM/bin/../lib/gcc/arm-none-eabi/13.2.0/../../../../arm-none-eabi/lib/armv6k/fpu/libg.a(libc_a-wcrtomb.o)
                0x001152ec                _wcrtomb_r
 .text.iswspace_l
                0x0011538c       0x38 /opt/devkitpro/devkitARM/bin/../lib/gcc/arm-none-eabi/13.2.0/../../../../arm-none-eabi/lib/armv6k/fpu/libg.a(libc_a-iswspace_l.o)
                0x0011538c                iswspace_l
 .text._wcsrtombs_r
                0x001153c4       0x28 /opt/devkitpro/devkitARM/bin/../lib/gcc/arm-none-eabi/13.2.0/../../../../arm-none-eabi/lib/armv6k/fpu/libg.a(libc_a-wcsrtombs.o)
                0x001153c4                _wcsrtombs_r
 .text.sprintf  0x001153ec       0x64 /opt/devkitpro/devkitARM/bin/../lib/gcc/arm-none-eabi/13.2.0/../../../../arm-none-eabi/lib/armv6k/fpu/libg.a(libc_a-sprintf.o)
                0x001153ec                sprintf
 .text.__sccl   0x00115450       0xf0 /opt/devkitpro/devkitARM/bin/../lib/gcc/arm-none-eabi/13.2.0/../../../../arm-none-eabi/lib/armv6k/fpu/libg.a(libc_a-sccl.o)
                0x00115450                __sccl
 .text.category
                0x00115540       0x90 /opt/devkitpro/devkitARM/bin/../lib/gcc/arm-none-eabi/13.2.0/../../../../arm-none-eabi/lib/armv6k/fpu/libg.a(libc_a-categories.o)
                0x00115540                category
 .text.get_arg  0x001155d0      0x64c /opt/devkitpro/devkitARM/bin/../lib/gcc/arm-none-eabi/13.2.0/../../../../arm-none-eabi/lib/armv6k/fpu/libg.a(libc_a-vfiprintf.o)
 .text.__sprint_r
                0x00115c1c       0x30 /opt/devkitpro/devkitARM/bin/../lib/gcc/arm-none-eabi/13.2.0/../../../../arm-none-eabi/lib/armv6k/fpu/libg.a(libc_a-vfiprintf.o)
                0x00115c1c                __sprint_r
 .text._vfiprintf_r
                0x00115c4c     0x2304 /opt/devkitpro/devkitARM/bin/../lib/gcc/arm-none-eabi/13.2.0/../../../../arm-none-eabi/lib/armv6k/fpu/libg.a(libc_a-vfiprintf.o)
                0x00115c4c                _vfiprintf_r
 .text.__sbprintf
                0x00117f50       0xb8 /opt/devkitpro/devkitARM/bin/../lib/gcc/arm-none-eabi/13.2.0/../../../../arm-none-eabi/lib/armv6k/fpu/libg.a(libc_a-vfiprintf.o)
 .text.__ssprint_r
                0x00118008      0x18c /opt/devkitpro/devkitARM/bin/../lib/gcc/arm-none-eabi/13.2.0/../../../../arm-none-eabi/lib/armv6k/fpu/libg.a(libc_a-svfiprintf.o)
                0x00118008                __ssprint_r
 .text._sungetc_r
                0x00118194       0xe0 /opt/devkitpro/devkitARM/bin/../lib/gcc/arm-none-eabi/13.2.0/../../../../arm-none-eabi/lib/armv6k/fpu/libg.a(libc_a-svfiscanf.o)
                0x00118194                _sungetc_r
 .text.__ssrefill_r
                0x00118274       0x6c /opt/devkitpro/devkitARM/bin/../lib/gcc/arm-none-eabi/13.2.0/../../../../arm-none-eabi/lib/armv6k/fpu/libg.a(libc_a-svfiscanf.o)
                0x00118274                __ssrefill_r
 .text._sfread_r
                0x001182e0       0xc4 /opt/devkitpro/devkitARM/bin/../lib/gcc/arm-none-eabi/13.2.0/../../../../arm-none-eabi/lib/armv6k/fpu/libg.a(libc_a-svfiscanf.o)
                0x001182e0                _sfread_r
 .text.__swsetup_r
                0x001183a4      0x138 /opt/devkitpro/devkitARM/bin/../lib/gcc/arm-none-eabi/13.2.0/../../../../arm-none-eabi/lib/armv6k/fpu/libg.a(libc_a-wsetup.o)
                0x001183a4                __swsetup_r
 .text.rshift   0x001184dc       0xf0 /opt/devkitpro/devkitARM/bin/../lib/gcc/arm-none-eabi/13.2.0/../../../../arm-none-eabi/lib/armv6k/fpu/libg.a(libc_a-gdtoa-gethex.o)
 .text.__gethex
                0x001185cc      0x89c /opt/devkitpro/devkitARM/bin/../lib/gcc/arm-none-eabi/13.2.0/../../../../arm-none-eabi/lib/armv6k/fpu/libg.a(libc_a-gdtoa-gethex.o)
                0x001185cc                __gethex
 .text.quorem   0x00118e68      0x1b4 /opt/devkitpro/devkitARM/bin/../lib/gcc/arm-none-eabi/13.2.0/../../../../arm-none-eabi/lib/armv6k/fpu/libg.a(libc_a-dtoa.o)
 *fill*         0x0011901c        0x4 
 .text._dtoa_r  0x00119020     0x1218 /opt/devkitpro/devkitARM/bin/../lib/gcc/arm-none-eabi/13.2.0/../../../../arm-none-eabi/lib/armv6k/fpu/libg.a(libc_a-dtoa.o)
                0x00119020                _dtoa_r
 .text.strchr   0x0011a238      0x130 /opt/devkitpro/devkitARM/bin/../lib/gcc/arm-none-eabi/13.2.0/../../../../arm-none-eabi/lib/armv6k/fpu/libg.a(libc_a-strchr.o)
                0x0011a238                strchr
 .text._fclose_r
                0x0011a368      0x148 /opt/devkitpro/devkitARM/bin/../lib/gcc/arm-none-eabi/13.2.0/../../../../arm-none-eabi/lib/armv6k/fpu/libg.a(libc_a-fclose.o)
                0x0011a368                _fclose_r
 .text.get_arg  0x0011a4b0      0x64c /opt/devkitpro/devkitARM/bin/../lib/gcc/arm-none-eabi/13.2.0/../../../../arm-none-eabi/lib/armv6k/fpu/libg.a(libc_a-svfprintf.o)
 *fill*         0x0011aafc        0x4 
 .text._svfprintf_r
                0x0011ab00     0x3324 /opt/devkitpro/devkitARM/bin/../lib/gcc/arm-none-eabi/13.2.0/../../../../arm-none-eabi/lib/armv6k/fpu/libg.a(libc_a-svfprintf.o)
                0x0011ab00                _svfprintf_r
 .text.__match  0x0011de24       0x4c /opt/devkitpro/devkitARM/bin/../lib/gcc/arm-none-eabi/13.2.0/../../../../arm-none-eabi/lib/armv6k/fpu/libg.a(libc_a-gdtoa-hexnan.o)
                0x0011de24                __match
 .text.__hexnan
                0x0011de70      0x29c /opt/devkitpro/devkitARM/bin/../lib/gcc/arm-none-eabi/13.2.0/../../../../arm-none-eabi/lib/armv6k/fpu/libg.a(libc_a-gdtoa-hexnan.o)
                0x0011de70                __hexnan
 .text.memmove  0x0011e10c      0x150 /opt/devkitpro/devkitARM/bin/../lib/gcc/arm-none-eabi/13.2.0/../../../../arm-none-eabi/lib/armv6k/fpu/libg.a(libc_a-memmove.o)
                0x0011e10c                memmove
 .text._Balloc  0x0011e25c       0x88 /opt/devkitpro/devkitARM/bin/../lib/gcc/arm-none-eabi/13.2.0/../../../../arm-none-eabi/lib/armv6k/fpu/libg.a(libc_a-mprec.o)
                0x0011e25c                _Balloc
 .text._Bfree   0x0011e2e4       0x1c /opt/devkitpro/devkitARM/bin/../lib/gcc/arm-none-eabi/13.2.0/../../../../arm-none-eabi/lib/armv6k/fpu/libg.a(libc_a-mprec.o)
                0x0011e2e4                _Bfree
 .text.__multadd
                0x0011e300       0xf4 /opt/devkitpro/devkitARM/bin/../lib/gcc/arm-none-eabi/13.2.0/../../../../arm-none-eabi/lib/armv6k/fpu/libg.a(libc_a-mprec.o)
                0x0011e300                __multadd
 .text.__s2b    0x0011e3f4      0x110 /opt/devkitpro/devkitARM/bin/../lib/gcc/arm-none-eabi/13.2.0/../../../../arm-none-eabi/lib/armv6k/fpu/libg.a(libc_a-mprec.o)
                0x0011e3f4                __s2b
 .text.__hi0bits
                0x0011e504       0x60 /opt/devkitpro/devkitARM/bin/../lib/gcc/arm-none-eabi/13.2.0/../../../../arm-none-eabi/lib/armv6k/fpu/libg.a(libc_a-mprec.o)
                0x0011e504                __hi0bits
 .text.__lo0bits
                0x0011e564       0x9c /opt/devkitpro/devkitARM/bin/../lib/gcc/arm-none-eabi/13.2.0/../../../../arm-none-eabi/lib/armv6k/fpu/libg.a(libc_a-mprec.o)
                0x0011e564                __lo0bits
 .text.__i2b    0x0011e600       0xa4 /opt/devkitpro/devkitARM/bin/../lib/gcc/arm-none-eabi/13.2.0/../../../../arm-none-eabi/lib/armv6k/fpu/libg.a(libc_a-mprec.o)
                0x0011e600                __i2b
 .text.__multiply
                0x0011e6a4      0x204 /opt/devkitpro/devkitARM/bin/../lib/gcc/arm-none-eabi/13.2.0/../../../../arm-none-eabi/lib/armv6k/fpu/libg.a(libc_a-mprec.o)
                0x0011e6a4                __multiply
 .text.__pow5mult
                0x0011e8a8      0x128 /opt/devkitpro/devkitARM/bin/../lib/gcc/arm-none-eabi/13.2.0/../../../../arm-none-eabi/lib/armv6k/fpu/libg.a(libc_a-mprec.o)
                0x0011e8a8                __pow5mult
 .text.__lshift
                0x0011e9d0      0x140 /opt/devkitpro/devkitARM/bin/../lib/gcc/arm-none-eabi/13.2.0/../../../../arm-none-eabi/lib/armv6k/fpu/libg.a(libc_a-mprec.o)
                0x0011e9d0                __lshift
 .text.__mcmp   0x0011eb10       0x58 /opt/devkitpro/devkitARM/bin/../lib/gcc/arm-none-eabi/13.2.0/../../../../arm-none-eabi/lib/armv6k/fpu/libg.a(libc_a-mprec.o)
                0x0011eb10                __mcmp
 .text.__mdiff  0x0011eb68      0x1fc /opt/devkitpro/devkitARM/bin/../lib/gcc/arm-none-eabi/13.2.0/../../../../arm-none-eabi/lib/armv6k/fpu/libg.a(libc_a-mprec.o)
                0x0011eb68                __mdiff
 .text.__ulp    0x0011ed64       0x68 /opt/devkitpro/devkitARM/bin/../lib/gcc/arm-none-eabi/13.2.0/../../../../arm-none-eabi/lib/armv6k/fpu/libg.a(libc_a-mprec.o)
                0x0011ed64                __ulp
 .text.__b2d    0x0011edcc       0xd0 /opt/devkitpro/devkitARM/bin/../lib/gcc/arm-none-eabi/13.2.0/../../../../arm-none-eabi/lib/armv6k/fpu/libg.a(libc_a-mprec.o)
                0x0011edcc                __b2d
 .text.__d2b    0x0011ee9c      0x124 /opt/devkitpro/devkitARM/bin/../lib/gcc/arm-none-eabi/13.2.0/../../../../arm-none-eabi/lib/armv6k/fpu/libg.a(libc_a-mprec.o)
                0x0011ee9c                __d2b
 .text.__ratio  0x0011efc0       0x78 /opt/devkitpro/devkitARM/bin/../lib/gcc/arm-none-eabi/13.2.0/../../../../arm-none-eabi/lib/armv6k/fpu/libg.a(libc_a-mprec.o)
                0x0011efc0                __ratio
 .text.__copybits
                0x0011f038       0x88 /opt/devkitpro/devkitARM/bin/../lib/gcc/arm-none-eabi/13.2.0/../../../../arm-none-eabi/lib/armv6k/fpu/libg.a(libc_a-mprec.o)
                0x0011f038                __copybits
 .text.__any_on
                0x0011f0c0       0x5c /opt/devkitpro/devkitARM/bin/../lib/gcc/arm-none-eabi/13.2.0/../../../../arm-none-eabi/lib/armv6k/fpu/libg.a(libc_a-mprec.o)
                0x0011f0c0                __any_on
 .text.__sfvwrite_r
                0x0011f11c      0x4b4 /opt/devkitpro/devkitARM/bin/../lib/gcc/arm-none-eabi/13.2.0/../../../../arm-none-eabi/lib/armv6k/fpu/libg.a(libc_a-fvwrite.o)
                0x0011f11c                __sfvwrite_r
 .text._realloc_r
                0x0011f5d0      0x4a0 /opt/devkitpro/devkitARM/bin/../lib/gcc/arm-none-eabi/13.2.0/../../../../arm-none-eabi/lib/armv6k/fpu/libg.a(libc_a-reallocr.o)
                0x0011f5d0                _realloc_r
 .text.__utf8_mbtowc
                0x0011fa70      0x2f8 /opt/devkitpro/devkitARM/bin/../lib/gcc/arm-none-eabi/13.2.0/../../../../arm-none-eabi/lib/armv6k/fpu/libg.a(libc_a-mbtowc_r.o)
                0x0011fa70                __utf8_mbtowc
 .text._wcsnrtombs_l
                0x0011fd68      0x188 /opt/devkitpro/devkitARM/bin/../lib/gcc/arm-none-eabi/13.2.0/../../../../arm-none-eabi/lib/armv6k/fpu/libg.a(libc_a-wcsnrtombs.o)
                0x0011fd68                _wcsnrtombs_l
 .text._wcsnrtombs_r
                0x0011fef0       0x64 /opt/devkitpro/devkitARM/bin/../lib/gcc/arm-none-eabi/13.2.0/../../../../arm-none-eabi/lib/armv6k/fpu/libg.a(libc_a-wcsnrtombs.o)
                0x0011fef0                _wcsnrtombs_r
 .text.__submore
                0x0011ff54       0xa8 /opt/devkitpro/devkitARM/bin/../lib/gcc/arm-none-eabi/13.2.0/../../../../arm-none-eabi/lib/armv6k/fpu/libg.a(libc_a-ungetc.o)
                0x0011ff54                __submore
 .text._calloc_r
                0x0011fffc       0xc0 /opt/devkitpro/devkitARM/bin/../lib/gcc/arm-none-eabi/13.2.0/../../../../arm-none-eabi/lib/armv6k/fpu/libg.a(libc_a-callocr.o)
                0x0011fffc                _calloc_r
 .text.__assert_func
                0x001200bc       0x5c /opt/devkitpro/devkitARM/bin/../lib/gcc/arm-none-eabi/13.2.0/../../../../arm-none-eabi/lib/armv6k/fpu/libg.a(libc_a-assert.o)
                0x001200bc                __assert_func
 .text.fiprintf
                0x00120118       0x3c /opt/devkitpro/devkitARM/bin/../lib/gcc/arm-none-eabi/13.2.0/../../../../arm-none-eabi/lib/armv6k/fpu/libg.a(libc_a-fiprintf.o)
                0x00120118                fiprintf
 .text.abort    0x00120154       0x14 /opt/devkitpro/devkitARM/bin/../lib/gcc/arm-none-eabi/13.2.0/../../../../arm-none-eabi/lib/armv6k/fpu/libg.a(libc_a-abort.o)
                0x00120154                abort
 .text._raise_r
                0x00120168       0x90 /opt/devkitpro/devkitARM/bin/../lib/gcc/arm-none-eabi/13.2.0/../../../../arm-none-eabi/lib/armv6k/fpu/libg.a(libc_a-signal.o)
                0x00120168                _raise_r
 .text.raise    0x001201f8       0x18 /opt/devkitpro/devkitARM/bin/../lib/gcc/arm-none-eabi/13.2.0/../../../../arm-none-eabi/lib/armv6k/fpu/libg.a(libc_a-signal.o)
                0x001201f8                raise
 .text._exit    0x00120210       0x20 /opt/devkitpro/devkitARM/bin/../lib/gcc/arm-none-eabi/13.2.0/../../../../arm-none-eabi/lib/armv6k/fpu/libsysbase.a(libsysbase_libsysbase_a-_exit.o)
                0x00120210                _exit
 .text.chdir    0x00120230      0x13c /opt/devkitpro/devkitARM/bin/../lib/gcc/arm-none-eabi/13.2.0/../../../../arm-none-eabi/lib/armv6k/fpu/libsysbase.a(libsysbase_libsysbase_a-chdir.o)
                0x00120230                chdir
 .text._concatenate_path
                0x0012036c      0x1cc /opt/devkitpro/devkitARM/bin/../lib/gcc/arm-none-eabi/13.2.0/../../../../arm-none-eabi/lib/armv6k/fpu/libsysbase.a(libsysbase_libsysbase_a-concatenate.o)
                0x0012036c                _concatenate_path
 .text._fstat_r
                0x00120538       0x78 /opt/devkitpro/devkitARM/bin/../lib/gcc/arm-none-eabi/13.2.0/../../../../arm-none-eabi/lib/armv6k/fpu/libsysbase.a(libsysbase_libsysbase_a-fstat.o)
                0x00120538                _fstat_r
 .text._getpid_r
                0x001205b0       0x14 /opt/devkitpro/devkitARM/bin/../lib/gcc/arm-none-eabi/13.2.0/../../../../arm-none-eabi/lib/armv6k/fpu/libsysbase.a(libsysbase_libsysbase_a-getpid.o)
                0x001205b0                _getpid_r
 .text.__getreent
                0x001205c4       0x2c /opt/devkitpro/devkitARM/bin/../lib/gcc/arm-none-eabi/13.2.0/../../../../arm-none-eabi/lib/armv6k/fpu/libsysbase.a(libsysbase_libsysbase_a-getreent.o)
                0x001205c4                __getreent
 .text.__get_handle
                0x001205f0       0x3c /opt/devkitpro/devkitARM/bin/../lib/gcc/arm-none-eabi/13.2.0/../../../../arm-none-eabi/lib/armv6k/fpu/libsysbase.a(libsysbase_libsysbase_a-handle_manager.o)
                0x001205f0                __get_handle
 .text._close_r
                0x0012062c       0xf4 /opt/devkitpro/devkitARM/bin/../lib/gcc/arm-none-eabi/13.2.0/../../../../arm-none-eabi/lib/armv6k/fpu/libsysbase.a(libsysbase_libsysbase_a-handle_manager.o)
                0x0012062c                _close_r
 .text.null_write
                0x00120720        0x8 /opt/devkitpro/devkitARM/bin/../lib/gcc/arm-none-eabi/13.2.0/../../../../arm-none-eabi/lib/armv6k/fpu/libsysbase.a(libsysbase_libsysbase_a-iosupport.o)
 .text.setDefaultDevice
                0x00120728       0x18 /opt/devkitpro/devkitARM/bin/../lib/gcc/arm-none-eabi/13.2.0/../../../../arm-none-eabi/lib/armv6k/fpu/libsysbase.a(libsysbase_libsysbase_a-iosupport.o)
                0x00120728                setDefaultDevice
 .text.FindDevice
                0x00120740       0xc8 /opt/devkitpro/devkitARM/bin/../lib/gcc/arm-none-eabi/13.2.0/../../../../arm-none-eabi/lib/armv6k/fpu/libsysbase.a(libsysbase_libsysbase_a-iosupport.o)
                0x00120740                FindDevice
 .text.RemoveDevice
                0x00120808       0x28 /opt/devkitpro/devkitARM/bin/../lib/gcc/arm-none-eabi/13.2.0/../../../../arm-none-eabi/lib/armv6k/fpu/libsysbase.a(libsysbase_libsysbase_a-iosupport.o)
                0x00120808                RemoveDevice
 .text.AddDevice
                0x00120830       0x9c /opt/devkitpro/devkitARM/bin/../lib/gcc/arm-none-eabi/13.2.0/../../../../arm-none-eabi/lib/armv6k/fpu/libsysbase.a(libsysbase_libsysbase_a-iosupport.o)
                0x00120830                AddDevice
 .text.GetDeviceOpTab
                0x001208cc       0x20 /opt/devkitpro/devkitARM/bin/../lib/gcc/arm-none-eabi/13.2.0/../../../../arm-none-eabi/lib/armv6k/fpu/libsysbase.a(libsysbase_libsysbase_a-iosupport.o)
                0x001208cc                GetDeviceOpTab
 .text._isatty_r
                0x001208ec        0x8 /opt/devkitpro/devkitARM/bin/../lib/gcc/arm-none-eabi/13.2.0/../../../../arm-none-eabi/lib/armv6k/fpu/libsysbase.a(libsysbase_libsysbase_a-isatty.o)
                0x001208ec                _isatty_r
 .text._kill_r  0x001208f4       0x14 /opt/devkitpro/devkitARM/bin/../lib/gcc/arm-none-eabi/13.2.0/../../../../arm-none-eabi/lib/armv6k/fpu/libsysbase.a(libsysbase_libsysbase_a-kill.o)
                0x001208f4                _kill_r
 .text._lseek_r
                0x00120908       0x84 /opt/devkitpro/devkitARM/bin/../lib/gcc/arm-none-eabi/13.2.0/../../../../arm-none-eabi/lib/armv6k/fpu/libsysbase.a(libsysbase_libsysbase_a-lseek.o)
                0x00120908                _lseek_r
 .text._read_r  0x0012098c       0x80 /opt/devkitpro/devkitARM/bin/../lib/gcc/arm-none-eabi/13.2.0/../../../../arm-none-eabi/lib/armv6k/fpu/libsysbase.a(libsysbase_libsysbase_a-read.o)
                0x0012098c                _read_r
 .text._sbrk_r  0x00120a0c       0x78 /opt/devkitpro/devkitARM/bin/../lib/gcc/arm-none-eabi/13.2.0/../../../../arm-none-eabi/lib/armv6k/fpu/libsysbase.a(libsysbase_libsysbase_a-sbrk.o)
                0x00120a0c                _sbrk_r
 .text.__libc_lock_acquire
                0x00120a84       0x1c /opt/devkitpro/devkitARM/bin/../lib/gcc/arm-none-eabi/13.2.0/../../../../arm-none-eabi/lib/armv6k/fpu/libsysbase.a(libsysbase_libsysbase_a-syscall_support.o)
                0x00120a84                __libc_lock_acquire
 .text.__libc_lock_release
                0x00120aa0       0x1c /opt/devkitpro/devkitARM/bin/../lib/gcc/arm-none-eabi/13.2.0/../../../../arm-none-eabi/lib/armv6k/fpu/libsysbase.a(libsysbase_libsysbase_a-syscall_support.o)
                0x00120aa0                __libc_lock_release
 .text.__libc_lock_acquire_recursive
                0x00120abc       0x1c /opt/devkitpro/devkitARM/bin/../lib/gcc/arm-none-eabi/13.2.0/../../../../arm-none-eabi/lib/armv6k/fpu/libsysbase.a(libsysbase_libsysbase_a-syscall_support.o)
                0x00120abc                __libc_lock_acquire_recursive
 .text.__libc_lock_release_recursive
                0x00120ad8       0x1c /opt/devkitpro/devkitARM/bin/../lib/gcc/arm-none-eabi/13.2.0/../../../../arm-none-eabi/lib/armv6k/fpu/libsysbase.a(libsysbase_libsysbase_a-syscall_support.o)
                0x00120ad8                __libc_lock_release_recursive
 .text._write_r
                0x00120af4       0x80 /opt/devkitpro/devkitARM/bin/../lib/gcc/arm-none-eabi/13.2.0/../../../../arm-none-eabi/lib/armv6k/fpu/libsysbase.a(libsysbase_libsysbase_a-write.o)
                0x00120af4                _write_r
 .text.__fixdfdi
                0x00120b74       0x38 /opt/devkitpro/devkitARM/bin/../lib/gcc/arm-none-eabi/13.2.0/armv6k/fpu/libgcc.a(_fixdfdi.o)
                0x00120b74                __aeabi_d2lz
                0x00120b74                __fixdfdi
 *fill*         0x00120bac        0x4 
 .text.__fixunsdfdi
                0x00120bb0       0x40 /opt/devkitpro/devkitARM/bin/../lib/gcc/arm-none-eabi/13.2.0/armv6k/fpu/libgcc.a(_fixunsdfdi.o)
                0x00120bb0                __aeabi_d2ulz
                0x00120bb0                __fixunsdfdi
 .text.strrchr  0x00120bf0       0x48 /opt/devkitpro/devkitARM/bin/../lib/gcc/arm-none-eabi/13.2.0/../../../../arm-none-eabi/lib/armv6k/fpu/libg.a(libc_a-strrchr.o)
                0x00120bf0                strrchr
 *(.glue_7)
 .glue_7        0x00120c38        0x0 linker stubs
 *(.glue_7t)
 .glue_7t       0x00120c38        0x0 linker stubs
 *(.stub)
 *(.gnu.warning)
 *(.gnu.linkonce.t*)
                0x00120c38                        . = ALIGN (0x4)
 *(.fini)
 .fini          0x00120c38        0xc /opt/devkitpro/devkitARM/bin/../lib/gcc/arm-none-eabi/13.2.0/armv6k/fpu/crti.o
                0x00120c38                _fini
 .fini          0x00120c44        0xc /opt/devkitpro/devkitARM/bin/../lib/gcc/arm-none-eabi/13.2.0/armv6k/fpu/crtn.o
                0x00120c50                        . = ALIGN (0x4)

.vfp11_veneer   0x00120c50        0x0
 .vfp11_veneer  0x00120c50        0x0 linker stubs

.v4_bx          0x00120c50        0x0
 .v4_bx         0x00120c50        0x0 linker stubs

.iplt           0x00120c50        0x0
 .iplt          0x00120c50        0x0 /opt/devkitpro/devkitARM/bin/../lib/gcc/arm-none-eabi/13.2.0/../../../../arm-none-eabi/lib/armv6k/fpu/3dsx_crt0.o
                0x00121000                        . = ALIGN (0x1000)

.rodata         0x00121000     0x480c
 *(.rodata)
 .rodata        0x00121000        0xc /opt/devkitpro/libctru/lib/libctru.a(archive_dev.o)
 *(.roda)
 *(.rodata.*)
 .rodata.str1.4
                0x0012100c      0x2cf main.o
                                 0x35 (size before relaxing)
 .rodata.parseColor.str1.4
                0x001212db       0x1b /opt/devkitpro/libctru/lib/libctru.a(console.o)
 .rodata.con_write.str1.4
                0x001212db       0x4a /opt/devkitpro/libctru/lib/libctru.a(console.o)
 .rodata.str1.4
                0x001212db       0x10 /opt/devkitpro/libctru/lib/libctru.a(console.o)
 *fill*         0x001212db        0x1 
 .rodata.dotab_stdout
                0x001212dc       0x80 /opt/devkitpro/libctru/lib/libctru.a(console.o)
 .rodata.grayScale
                0x0012135c       0x18 /opt/devkitpro/libctru/lib/libctru.a(console.o)
 .rodata.colorCube
                0x00121374        0x6 /opt/devkitpro/libctru/lib/libctru.a(console.o)
 *fill*         0x0012137a        0x2 
 .rodata.colorTable
                0x0012137c       0x30 /opt/devkitpro/libctru/lib/libctru.a(console.o)
 .rodata.gspInit.str1.4
                0x001213ac        0x9 /opt/devkitpro/libctru/lib/libctru.a(gspgpu.o)
 .rodata.hidInit.str1.4
                0x001213ac       0x15 /opt/devkitpro/libctru/lib/libctru.a(hid.o)
 .rodata.aptSendCommand.str1.4
                0x001213ac       0x16 /opt/devkitpro/libctru/lib/libctru.a(apt.o)
 .rodata.morton_y.2
                0x001213ac        0x8 /opt/devkitpro/libctru/lib/libctru.a(apt.o)
 .rodata.morton_x.3
                0x001213b4        0x8 /opt/devkitpro/libctru/lib/libctru.a(apt.o)
 .rodata.s_sleepWakeEvents.4
                0x001213bc        0x8 /opt/devkitpro/libctru/lib/libctru.a(apt.o)
 .rodata.__system_initArgv.str1.4
                0x001213c4        0xa /opt/devkitpro/libctru/lib/libctru.a(initArgv.o)
 .rodata.default_font_bin
                0x001213c4      0x800 /opt/devkitpro/libctru/lib/libctru.a(default_font.bin.o)
                0x001213c4                default_font_bin
                0x00121bc4                default_font_bin_end
 .rodata.srvInit.str1.4
                0x00121bc4        0x5 /opt/devkitpro/libctru/lib/libctru.a(srv.o)
 .rodata.irrstInit.str1.4
                0x00121bc4        0x7 /opt/devkitpro/libctru/lib/libctru.a(irrst.o)
 .rodata.ptmSysmInit.str1.4
                0x00121bc4        0x9 /opt/devkitpro/libctru/lib/libctru.a(ptmsysm.o)
 .rodata.archive_utf16path.str1.4
                0x00121bc4        0x2 /opt/devkitpro/libctru/lib/libctru.a(archive_dev.o)
 .rodata._archiveUnmountDeviceStruct.part.0.str1.4
                0x00121bc4        0x2 /opt/devkitpro/libctru/lib/libctru.a(archive_dev.o)
 .rodata._archiveMountDevice.str1.4
                0x00121bc4        0xc /opt/devkitpro/libctru/lib/libctru.a(archive_dev.o)
 .rodata.archiveMountSdmc.str1.4
                0x00121bc4        0x5 /opt/devkitpro/libctru/lib/libctru.a(archive_dev.o)
 .rodata.error_table
                0x00121bc4       0x30 /opt/devkitpro/libctru/lib/libctru.a(archive_dev.o)
 .rodata.str1.4
                0x00121bf4        0x8 /opt/devkitpro/libctru/lib/libctru.a(archive_dev.o)
 .rodata.archive_devoptab
                0x00121bf4       0x80 /opt/devkitpro/libctru/lib/libctru.a(archive_dev.o)
 .rodata.fsInit.str1.4
                0x00121c74        0x8 /opt/devkitpro/libctru/lib/libctru.a(fs.o)
 .rodata.__ssvfscanf_r.str1.1
                0x00121c74       0x40 /opt/devkitpro/devkitARM/bin/../lib/gcc/arm-none-eabi/13.2.0/../../../../arm-none-eabi/lib/armv6k/fpu/libg.a(libc_a-svfscanf.o)
                                  0x6 (size before relaxing)
 .rodata.basefix.0
                0x00121cb4       0x22 /opt/devkitpro/devkitARM/bin/../lib/gcc/arm-none-eabi/13.2.0/../../../../arm-none-eabi/lib/armv6k/fpu/libg.a(libc_a-svfscanf.o)
 .rodata._vfprintf_r.str1.1
                0x00121cd6       0x3b /opt/devkitpro/devkitARM/bin/../lib/gcc/arm-none-eabi/13.2.0/../../../../arm-none-eabi/lib/armv6k/fpu/libg.a(libc_a-vfprintf.o)
 *fill*         0x00121cd6        0x2 
 .rodata.zeroes.0
                0x00121cd8       0x10 /opt/devkitpro/devkitARM/bin/../lib/gcc/arm-none-eabi/13.2.0/../../../../arm-none-eabi/lib/armv6k/fpu/libg.a(libc_a-vfprintf.o)
 .rodata.blanks.1
                0x00121ce8       0x10 /opt/devkitpro/devkitARM/bin/../lib/gcc/arm-none-eabi/13.2.0/../../../../arm-none-eabi/lib/armv6k/fpu/libg.a(libc_a-vfprintf.o)
 .rodata._strtod_l.str1.4
                0x00121cf8       0x15 /opt/devkitpro/devkitARM/bin/../lib/gcc/arm-none-eabi/13.2.0/../../../../arm-none-eabi/lib/armv6k/fpu/libg.a(libc_a-strtod.o)
 .rodata.fpinan.0
                0x00121cf8       0x14 /opt/devkitpro/devkitARM/bin/../lib/gcc/arm-none-eabi/13.2.0/../../../../arm-none-eabi/lib/armv6k/fpu/libg.a(libc_a-strtod.o)
 .rodata.fpi.1  0x00121d0c       0x14 /opt/devkitpro/devkitARM/bin/../lib/gcc/arm-none-eabi/13.2.0/../../../../arm-none-eabi/lib/armv6k/fpu/libg.a(libc_a-strtod.o)
 .rodata.tinytens
                0x00121d20       0x28 /opt/devkitpro/devkitARM/bin/../lib/gcc/arm-none-eabi/13.2.0/../../../../arm-none-eabi/lib/armv6k/fpu/libg.a(libc_a-strtod.o)
 .rodata.str1.4
                0x00121d48       0x4c /opt/devkitpro/devkitARM/bin/../lib/gcc/arm-none-eabi/13.2.0/../../../../arm-none-eabi/lib/armv6k/fpu/libg.a(libc_a-locale.o)
 .rodata._mbrtowc_r.str1.4
                0x00121d48        0x1 /opt/devkitpro/devkitARM/bin/../lib/gcc/arm-none-eabi/13.2.0/../../../../arm-none-eabi/lib/armv6k/fpu/libg.a(libc_a-mbrtowc.o)
 .rodata._ctype_
                0x00121d48      0x101 /opt/devkitpro/devkitARM/bin/../lib/gcc/arm-none-eabi/13.2.0/../../../../arm-none-eabi/lib/armv6k/fpu/libg.a(libc_a-ctype_.o)
                0x00121d48                _ctype_
 *fill*         0x00121e49        0x3 
 .rodata.categories
                0x00121e4c     0x3528 /opt/devkitpro/devkitARM/bin/../lib/gcc/arm-none-eabi/13.2.0/../../../../arm-none-eabi/lib/armv6k/fpu/libg.a(libc_a-categories.o)
 .rodata._vfiprintf_r.str1.1
                0x00125374       0x29 /opt/devkitpro/devkitARM/bin/../lib/gcc/arm-none-eabi/13.2.0/../../../../arm-none-eabi/lib/armv6k/fpu/libg.a(libc_a-vfiprintf.o)
 .rodata.zeroes.0
                0x00125374       0x10 /opt/devkitpro/devkitARM/bin/../lib/gcc/arm-none-eabi/13.2.0/../../../../arm-none-eabi/lib/armv6k/fpu/libg.a(libc_a-vfiprintf.o)
 .rodata.blanks.1
                0x00125384       0x10 /opt/devkitpro/devkitARM/bin/../lib/gcc/arm-none-eabi/13.2.0/../../../../arm-none-eabi/lib/armv6k/fpu/libg.a(libc_a-vfiprintf.o)
 .rodata.__action_table
                0x00125394       0x6c /opt/devkitpro/devkitARM/bin/../lib/gcc/arm-none-eabi/13.2.0/../../../../arm-none-eabi/lib/armv6k/fpu/libg.a(libc_a-svfiprintf.o)
                0x00125394                __action_table
 .rodata.__state_table
                0x00125400       0x6c /opt/devkitpro/devkitARM/bin/../lib/gcc/arm-none-eabi/13.2.0/../../../../arm-none-eabi/lib/armv6k/fpu/libg.a(libc_a-svfiprintf.o)
                0x00125400                __state_table
 .rodata.__chclass
                0x0012546c      0x100 /opt/devkitpro/devkitARM/bin/../lib/gcc/arm-none-eabi/13.2.0/../../../../arm-none-eabi/lib/armv6k/fpu/libg.a(libc_a-svfiprintf.o)
                0x0012546c                __chclass
 .rodata.__gethex.str1.4
                0x0012556c       0x62 /opt/devkitpro/devkitARM/bin/../lib/gcc/arm-none-eabi/13.2.0/../../../../arm-none-eabi/lib/armv6k/fpu/libg.a(libc_a-gdtoa-gethex.o)
 .rodata.__hexdig
                0x0012556c      0x100 /opt/devkitpro/devkitARM/bin/../lib/gcc/arm-none-eabi/13.2.0/../../../../arm-none-eabi/lib/armv6k/fpu/libg.a(libc_a-gdtoa-gethex.o)
                0x0012556c                __hexdig
 .rodata._dtoa_r.str1.4
                0x0012566c       0x6a /opt/devkitpro/devkitARM/bin/../lib/gcc/arm-none-eabi/13.2.0/../../../../arm-none-eabi/lib/armv6k/fpu/libg.a(libc_a-dtoa.o)
 .rodata._svfprintf_r.str1.1
                0x0012566c       0x3b /opt/devkitpro/devkitARM/bin/../lib/gcc/arm-none-eabi/13.2.0/../../../../arm-none-eabi/lib/armv6k/fpu/libg.a(libc_a-svfprintf.o)
 .rodata.zeroes.0
                0x0012566c       0x10 /opt/devkitpro/devkitARM/bin/../lib/gcc/arm-none-eabi/13.2.0/../../../../arm-none-eabi/lib/armv6k/fpu/libg.a(libc_a-svfprintf.o)
 .rodata.blanks.1
                0x0012567c       0x10 /opt/devkitpro/devkitARM/bin/../lib/gcc/arm-none-eabi/13.2.0/../../../../arm-none-eabi/lib/armv6k/fpu/libg.a(libc_a-svfprintf.o)
 .rodata.__multadd.str1.4
                0x0012568c       0x57 /opt/devkitpro/devkitARM/bin/../lib/gcc/arm-none-eabi/13.2.0/../../../../arm-none-eabi/lib/armv6k/fpu/libg.a(libc_a-mprec.o)
 .rodata.p05.0  0x0012568c        0xc /opt/devkitpro/devkitARM/bin/../lib/gcc/arm-none-eabi/13.2.0/../../../../arm-none-eabi/lib/armv6k/fpu/libg.a(libc_a-mprec.o)
 .rodata.__mprec_bigtens
                0x00125698       0x28 /opt/devkitpro/devkitARM/bin/../lib/gcc/arm-none-eabi/13.2.0/../../../../arm-none-eabi/lib/armv6k/fpu/libg.a(libc_a-mprec.o)
                0x00125698                __mprec_bigtens
 .rodata.__mprec_tens
                0x001256c0       0xc8 /opt/devkitpro/devkitARM/bin/../lib/gcc/arm-none-eabi/13.2.0/../../../../arm-none-eabi/lib/armv6k/fpu/libg.a(libc_a-mprec.o)
                0x001256c0                __mprec_tens
 .rodata.__assert_func.str1.4
                0x00125788       0x43 /opt/devkitpro/devkitARM/bin/../lib/gcc/arm-none-eabi/13.2.0/../../../../arm-none-eabi/lib/armv6k/fpu/libg.a(libc_a-assert.o)
 .rodata.AddDevice.str1.4
                0x00125788        0x8 /opt/devkitpro/devkitARM/bin/../lib/gcc/arm-none-eabi/13.2.0/../../../../arm-none-eabi/lib/armv6k/fpu/libsysbase.a(libsysbase_libsysbase_a-iosupport.o)
 .rodata.dotab_stdnull
                0x00125788       0x80 /opt/devkitpro/devkitARM/bin/../lib/gcc/arm-none-eabi/13.2.0/../../../../arm-none-eabi/lib/armv6k/fpu/libsysbase.a(libsysbase_libsysbase_a-iosupport.o)
                0x00125788                dotab_stdnull
 *all.rodata*(*)
 *(.gnu.linkonce.r*)
                0x00125808                        . = ALIGN (0x4)
                0x00125808                        __tdata_align = .
                0x00125808        0x4 LONG 0x4 ALIGNOF (.tdata)
                0x0012580c                        . = ALIGN (0x4)

.eh_frame       0x0012580c        0x0
 .eh_frame      0x0012580c        0x0 /opt/devkitpro/devkitARM/bin/../lib/gcc/arm-none-eabi/13.2.0/armv6k/fpu/crtbegin.o

.rel.dyn        0x0012580c        0x0
 .rel.iplt      0x0012580c        0x0 /opt/devkitpro/devkitARM/bin/../lib/gcc/arm-none-eabi/13.2.0/../../../../arm-none-eabi/lib/armv6k/fpu/3dsx_crt0.o
 .rel.got       0x0012580c        0x0 /opt/devkitpro/devkitARM/bin/../lib/gcc/arm-none-eabi/13.2.0/../../../../arm-none-eabi/lib/armv6k/fpu/3dsx_crt0.o

.ARM.extab
 *(.ARM.extab* .gnu.linkonce.armextab.*)
                0x0012580c                        __exidx_start = .

ARM.exidx
 *(.ARM.exidx* .gnu.linkonce.armexidx.*)
                0x0012580c                        __exidx_end = .
                0x00126000                        . = ALIGN (0x1000)

.data           0x00126000     0x1bcc
 *(.data)
 *(.data.*)
 .data.firstConsoleInit.0
                0x00126000        0x1 /opt/devkitpro/libctru/lib/libctru.a(console.o)
 *fill*         0x00126001        0x3 
 .data.currentConsole
                0x00126004        0x4 /opt/devkitpro/libctru/lib/libctru.a(console.o)
                0x00126004                currentConsole
 .data.defaultConsole
                0x00126008       0x48 /opt/devkitpro/libctru/lib/libctru.a(console.o)
                0x00126008                defaultConsole
 .data.kCount   0x00126050        0x4 /opt/devkitpro/libctru/lib/libctru.a(hid.o)
 .data.kInterval
                0x00126054        0x4 /opt/devkitpro/libctru/lib/libctru.a(hid.o)
 .data.kDelay   0x00126058        0x4 /opt/devkitpro/libctru/lib/libctru.a(hid.o)
 .data.aptChainloadDeliverArgSize
                0x0012605c        0x4 /opt/devkitpro/libctru/lib/libctru.a(apt.o)
 .data.__stacksize__
                0x00126060        0x4 /opt/devkitpro/libctru/lib/libctru.a(stack_adjust.o)
                0x00126060                __stacksize__
 .data.__malloc_sbrk_base
                0x00126064        0x4 /opt/devkitpro/devkitARM/bin/../lib/gcc/arm-none-eabi/13.2.0/../../../../arm-none-eabi/lib/armv6k/fpu/libg.a(libc_a-mallocr.o)
                0x00126064                __malloc_sbrk_base
 .data.__malloc_trim_threshold
                0x00126068        0x4 /opt/devkitpro/devkitARM/bin/../lib/gcc/arm-none-eabi/13.2.0/../../../../arm-none-eabi/lib/armv6k/fpu/libg.a(libc_a-mallocr.o)
                0x00126068                __malloc_trim_threshold
 *fill*         0x0012606c        0x4 
 .data.__malloc_av_
                0x00126070      0x408 /opt/devkitpro/devkitARM/bin/../lib/gcc/arm-none-eabi/13.2.0/../../../../arm-none-eabi/lib/armv6k/fpu/libg.a(libc_a-mallocr.o)
                0x00126070                __malloc_av_
 .data.__sglue  0x00126478        0xc /opt/devkitpro/devkitARM/bin/../lib/gcc/arm-none-eabi/13.2.0/../../../../arm-none-eabi/lib/armv6k/fpu/libg.a(libc_a-findfp.o)
                0x00126478                __sglue
 .data.__global_locale
                0x00126484      0x16c /opt/devkitpro/devkitARM/bin/../lib/gcc/arm-none-eabi/13.2.0/../../../../arm-none-eabi/lib/armv6k/fpu/libg.a(libc_a-locale.o)
                0x00126484                __global_locale
 .data._impure_ptr
                0x001265f0        0x4 /opt/devkitpro/devkitARM/bin/../lib/gcc/arm-none-eabi/13.2.0/../../../../arm-none-eabi/lib/armv6k/fpu/libg.a(libc_a-impure.o)
                0x001265f0                _impure_ptr
 *fill*         0x001265f4        0x4 
 .data._impure_data
                0x001265f8      0x120 /opt/devkitpro/devkitARM/bin/../lib/gcc/arm-none-eabi/13.2.0/../../../../arm-none-eabi/lib/armv6k/fpu/libg.a(libc_a-impure.o)
                0x001265f8                _impure_data
 .data._current_working_directory
                0x00126718      0x400 /opt/devkitpro/devkitARM/bin/../lib/gcc/arm-none-eabi/13.2.0/../../../../arm-none-eabi/lib/armv6k/fpu/libsysbase.a(libsysbase_libsysbase_a-chdir.o)
 .data.handles  0x00126b18     0x1000 /opt/devkitpro/devkitARM/bin/../lib/gcc/arm-none-eabi/13.2.0/../../../../arm-none-eabi/lib/armv6k/fpu/libsysbase.a(libsysbase_libsysbase_a-handle_manager.o)
 .data.__stderr_handle
                0x00127b18        0xc /opt/devkitpro/devkitARM/bin/../lib/gcc/arm-none-eabi/13.2.0/../../../../arm-none-eabi/lib/armv6k/fpu/libsysbase.a(libsysbase_libsysbase_a-handle_manager.o)
 .data.__stdout_handle
                0x00127b24        0xc /opt/devkitpro/devkitARM/bin/../lib/gcc/arm-none-eabi/13.2.0/../../../../arm-none-eabi/lib/armv6k/fpu/libsysbase.a(libsysbase_libsysbase_a-handle_manager.o)
 .data.__stdin_handle
                0x00127b30        0xc /opt/devkitpro/devkitARM/bin/../lib/gcc/arm-none-eabi/13.2.0/../../../../arm-none-eabi/lib/armv6k/fpu/libsysbase.a(libsysbase_libsysbase_a-handle_manager.o)
 .data.devoptab_list
                0x00127b3c       0x8c /opt/devkitpro/devkitARM/bin/../lib/gcc/arm-none-eabi/13.2.0/../../../../arm-none-eabi/lib/armv6k/fpu/libsysbase.a(libsysbase_libsysbase_a-iosupport.o)
                0x00127b3c                devoptab_list
 .data.defaultDevice
                0x00127bc8        0x4 /opt/devkitpro/devkitARM/bin/../lib/gcc/arm-none-eabi/13.2.0/../../../../arm-none-eabi/lib/armv6k/fpu/libsysbase.a(libsysbase_libsysbase_a-iosupport.o)
 *(.gnu.linkonce.d*)
                0x00127bcc                        . = ALIGN (0x4)

.igot.plt       0x00127bcc        0x0
 .igot.plt      0x00127bcc        0x0 /opt/devkitpro/devkitARM/bin/../lib/gcc/arm-none-eabi/13.2.0/../../../../arm-none-eabi/lib/armv6k/fpu/3dsx_crt0.o

.got            0x00127bcc        0x8
 .got           0x00127bcc        0x8 /opt/devkitpro/devkitARM/bin/../lib/gcc/arm-none-eabi/13.2.0/../../../../arm-none-eabi/lib/armv6k/fpu/3dsx_crt0.o

.got.plt        0x00127bd4        0xc
 .got.plt       0x00127bd4        0xc /opt/devkitpro/devkitARM/bin/../lib/gcc/arm-none-eabi/13.2.0/../../../../arm-none-eabi/lib/armv6k/fpu/3dsx_crt0.o
                0x00127bd4                _GLOBAL_OFFSET_TABLE_

.tdata          0x00127be0        0x0
                0x00127be0                        __tdata_lma = .
 *(.tdata)
 *(.tdata.*)
 *(.gnu.linkonce.td.*)
                0x00127be0                        . = ALIGN (0x4)
                0x00127be0                        __tdata_lma_end = .

.tbss           0x00127be0      0xc08
 *(.tbss)
 *(.tbss.*)
 .tbss.__ctru_dev_utf16_buf
                0x00127be0      0x802 /opt/devkitpro/libctru/lib/libctru.a(path_buf.o)
                0x00127be0                __ctru_dev_utf16_buf
 *fill*         0x001283e2        0x2 
 .tbss.__ctru_dev_path_buf
                0x001283e4      0x401 /opt/devkitpro/libctru/lib/libctru.a(path_buf.o)
                0x001283e4                __ctru_dev_path_buf
 *(.gnu.linkonce.tb.*)
 *(.tcommon)
                0x001287e8                        . = ALIGN (0x4)
 *fill*         0x001287e5        0x3 

.preinit_array  0x00127be0        0x0
                0x00127be0                        PROVIDE (__preinit_array_start = .)
 *(.preinit_array)
                0x00127be0                        PROVIDE (__preinit_array_end = .)

.init_array     0x00127be0        0x4
                0x00127be0                        PROVIDE (__init_array_start = .)
 *(SORT_BY_NAME(.init_array.*))
 *(.init_array)
 .init_array    0x00127be0        0x4 /opt/devkitpro/devkitARM/bin/../lib/gcc/arm-none-eabi/13.2.0/armv6k/fpu/crtbegin.o
                0x00127be4                        PROVIDE (__init_array_end = .)

.fini_array     0x00127be4        0x4
                0x00127be4                        PROVIDE (__fini_array_start = .)
 *(.fini_array)
 .fini_array    0x00127be4        0x4 /opt/devkitpro/devkitARM/bin/../lib/gcc/arm-none-eabi/13.2.0/armv6k/fpu/crtbegin.o
 *(SORT_BY_NAME(.fini_array.*))
                0x00127be8                        PROVIDE (__fini_array_end = .)

.ctors
 *crtbegin.o(.ctors)
 *(EXCLUDE_FILE(*crtend.o) .ctors)
 *(SORT_BY_NAME(.ctors.*))
 *(.ctors)

.dtors
 *crtbegin.o(.dtors)
 *(EXCLUDE_FILE(*crtend.o) .dtors)
 *(SORT_BY_NAME(.dtors.*))
 *(.dtors)
                0x00127be8                        __bss_start__ = .

.bss            0x00127be8     0x2dc4
 *(.dynbss)
 *(.bss)
 *(.bss.*)
 .bss.completed.1
                0x00127be8        0x1 /opt/devkitpro/devkitARM/bin/../lib/gcc/arm-none-eabi/13.2.0/armv6k/fpu/crtbegin.o
 *fill*         0x00127be9        0x3 
 .bss.object.0  0x00127bec       0x18 /opt/devkitpro/devkitARM/bin/../lib/gcc/arm-none-eabi/13.2.0/armv6k/fpu/crtbegin.o
 .bss.currentCopy
                0x00127c04       0x48 /opt/devkitpro/libctru/lib/libctru.a(console.o)
                0x00127c04                currentCopy
 .bss.screenAlloc
                0x00127c4c        0x4 /opt/devkitpro/libctru/lib/libctru.a(gfx.o)
 .bss.screenFree
                0x00127c50        0x4 /opt/devkitpro/libctru/lib/libctru.a(gfx.o)
 .bss.gfxIsDoubleBuf
                0x00127c54        0x2 /opt/devkitpro/libctru/lib/libctru.a(gfx.o)
 *fill*         0x00127c56        0x2 
 .bss.gfxCurBuf
                0x00127c58        0x2 /opt/devkitpro/libctru/lib/libctru.a(gfx.o)
 .bss.gfxIsVram
                0x00127c5a        0x1 /opt/devkitpro/libctru/lib/libctru.a(gfx.o)
 .bss.gfxTopMode
                0x00127c5b        0x1 /opt/devkitpro/libctru/lib/libctru.a(gfx.o)
 .bss.gfxFramebufferFormats
                0x00127c5c        0x2 /opt/devkitpro/libctru/lib/libctru.a(gfx.o)
 *fill*         0x00127c5e        0x2 
 .bss.gfxBottomFramebufferMaxSize
                0x00127c60        0x4 /opt/devkitpro/libctru/lib/libctru.a(gfx.o)
 .bss.gfxTopFramebufferMaxSize
                0x00127c64        0x4 /opt/devkitpro/libctru/lib/libctru.a(gfx.o)
 .bss.gfxBottomFramebuffers
                0x00127c68        0x8 /opt/devkitpro/libctru/lib/libctru.a(gfx.o)
 .bss.gfxTopFramebuffers
                0x00127c70        0x8 /opt/devkitpro/libctru/lib/libctru.a(gfx.o)
 .bss.gspEventCbOneShot
                0x00127c78        0x7 /opt/devkitpro/libctru/lib/libctru.a(gspgpu.o)
 *fill*         0x00127c7f        0x1 
 .bss.gspEventCbData
                0x00127c80       0x1c /opt/devkitpro/libctru/lib/libctru.a(gspgpu.o)
 .bss.gspEventCb